Component: Arm Compiler for Embedded 6.18 Tool: armlink [5e4cc100]

==============================================================================

Section Cross References

    startup_stm32f103xe.o(STACK) refers (Special) to heapauxi.o(.text) for __use_two_region_memory
    startup_stm32f103xe.o(HEAP) refers (Special) to heapauxi.o(.text) for __use_two_region_memory
    startup_stm32f103xe.o(RESET) refers (Special) to heapauxi.o(.text) for __use_two_region_memory
    startup_stm32f103xe.o(RESET) refers to startup_stm32f103xe.o(STACK) for __initial_sp
    startup_stm32f103xe.o(RESET) refers to startup_stm32f103xe.o(.text) for Reset_Handler
    startup_stm32f103xe.o(RESET) refers to stm32f1xx_it.o(.text.NMI_Handler) for NMI_Handler
    startup_stm32f103xe.o(RESET) refers to stm32f1xx_it.o(.text.HardFault_Handler) for HardFault_Handler
    startup_stm32f103xe.o(RESET) refers to stm32f1xx_it.o(.text.MemManage_Handler) for MemManage_Handler
    startup_stm32f103xe.o(RESET) refers to stm32f1xx_it.o(.text.BusFault_Handler) for BusFault_Handler
    startup_stm32f103xe.o(RESET) refers to stm32f1xx_it.o(.text.UsageFault_Handler) for UsageFault_Handler
    startup_stm32f103xe.o(RESET) refers to stm32f1xx_it.o(.text.SVC_Handler) for SVC_Handler
    startup_stm32f103xe.o(RESET) refers to stm32f1xx_it.o(.text.DebugMon_Handler) for DebugMon_Handler
    startup_stm32f103xe.o(RESET) refers to stm32f1xx_it.o(.text.PendSV_Handler) for PendSV_Handler
    startup_stm32f103xe.o(RESET) refers to stm32f1xx_it.o(.text.SysTick_Handler) for SysTick_Handler
    startup_stm32f103xe.o(RESET) refers to stm32f1xx_it.o(.text.DMA1_Channel6_IRQHandler) for DMA1_Channel6_IRQHandler
    startup_stm32f103xe.o(RESET) refers to stm32f1xx_it.o(.text.TIM3_IRQHandler) for TIM3_IRQHandler
    startup_stm32f103xe.o(RESET) refers to stm32f1xx_it.o(.text.TIM4_IRQHandler) for TIM4_IRQHandler
    startup_stm32f103xe.o(RESET) refers to stm32f1xx_it.o(.text.USART2_IRQHandler) for USART2_IRQHandler
    startup_stm32f103xe.o(RESET) refers to stm32f1xx_it.o(.text.TIM6_IRQHandler) for TIM6_IRQHandler
    startup_stm32f103xe.o(RESET) refers to stm32f1xx_it.o(.text.TIM7_IRQHandler) for TIM7_IRQHandler
    startup_stm32f103xe.o(.text) refers (Special) to heapauxi.o(.text) for __use_two_region_memory
    startup_stm32f103xe.o(.text) refers to system_stm32f1xx.o(.text.SystemInit) for SystemInit
    startup_stm32f103xe.o(.text) refers to __main.o(!!!main) for __main
    startup_stm32f103xe.o(.text) refers to startup_stm32f103xe.o(HEAP) for Heap_Mem
    startup_stm32f103xe.o(.text) refers to startup_stm32f103xe.o(STACK) for Stack_Mem
    main.o(.text.main) refers to stm32f1xx_hal.o(.text.HAL_Init) for HAL_Init
    main.o(.text.main) refers to stm32f1xx_hal_rcc.o(.text.HAL_RCC_OscConfig) for HAL_RCC_OscConfig
    main.o(.text.main) refers to stm32f1xx_hal_rcc.o(.text.HAL_RCC_ClockConfig) for HAL_RCC_ClockConfig
    main.o(.text.main) refers to gpio.o(.text.MX_GPIO_Init) for MX_GPIO_Init
    main.o(.text.main) refers to dma.o(.text.MX_DMA_Init) for MX_DMA_Init
    main.o(.text.main) refers to usart.o(.text.MX_USART1_UART_Init) for MX_USART1_UART_Init
    main.o(.text.main) refers to usart.o(.text.MX_USART2_UART_Init) for MX_USART2_UART_Init
    main.o(.text.main) refers to tim.o(.text.MX_TIM2_Init) for MX_TIM2_Init
    main.o(.text.main) refers to tim.o(.text.MX_TIM4_Init) for MX_TIM4_Init
    main.o(.text.main) refers to dac.o(.text.MX_DAC_Init) for MX_DAC_Init
    main.o(.text.main) refers to tim.o(.text.MX_TIM7_Init) for MX_TIM7_Init
    main.o(.text.main) refers to tim.o(.text.MX_TIM6_Init) for MX_TIM6_Init
    main.o(.text.main) refers to tim.o(.text.MX_TIM3_Init) for MX_TIM3_Init
    main.o(.text.main) refers to bsp_user.o(.text.bsp_Init) for bsp_Init
    main.o(.text.main) refers to bsp_user.o(.text.bsp_imag_select) for bsp_imag_select
    main.o(.ARM.exidx.text.main) refers to main.o(.text.main) for [Anonymous Symbol]
    main.o(.text.SystemClock_Config) refers to stm32f1xx_hal_rcc.o(.text.HAL_RCC_OscConfig) for HAL_RCC_OscConfig
    main.o(.text.SystemClock_Config) refers to stm32f1xx_hal_rcc.o(.text.HAL_RCC_ClockConfig) for HAL_RCC_ClockConfig
    main.o(.ARM.exidx.text.SystemClock_Config) refers to main.o(.text.SystemClock_Config) for [Anonymous Symbol]
    main.o(.ARM.exidx.text.Error_Handler) refers to main.o(.text.Error_Handler) for [Anonymous Symbol]
    gpio.o(.text.MX_GPIO_Init) refers to stm32f1xx_hal_gpio.o(.text.HAL_GPIO_WritePin) for HAL_GPIO_WritePin
    gpio.o(.text.MX_GPIO_Init) refers to stm32f1xx_hal_gpio.o(.text.HAL_GPIO_Init) for HAL_GPIO_Init
    gpio.o(.ARM.exidx.text.MX_GPIO_Init) refers to gpio.o(.text.MX_GPIO_Init) for [Anonymous Symbol]
    dac.o(.text.MX_DAC_Init) refers to dac.o(.bss.hdac) for hdac
    dac.o(.text.MX_DAC_Init) refers to stm32f1xx_hal_dac.o(.text.HAL_DAC_Init) for HAL_DAC_Init
    dac.o(.text.MX_DAC_Init) refers to main.o(.text.Error_Handler) for Error_Handler
[...]
    stm32f1xx_hal_msp.c                      0x00000000   Number         0  stm32f1xx_hal_msp.o ABSOLUTE
    stm32f1xx_hal_pwr.c                      0x00000000   Number         0  stm32f1xx_hal_pwr.o ABSOLUTE
    stm32f1xx_hal_rcc.c                      0x00000000   Number         0  stm32f1xx_hal_rcc.o ABSOLUTE
    stm32f1xx_hal_rcc_ex.c                   0x00000000   Number         0  stm32f1xx_hal_rcc_ex.o ABSOLUTE
    stm32f1xx_hal_tim.c                      0x00000000   Number         0  stm32f1xx_hal_tim.o ABSOLUTE
    stm32f1xx_hal_tim_ex.c                   0x00000000   Number         0  stm32f1xx_hal_tim_ex.o ABSOLUTE
    stm32f1xx_hal_uart.c                     0x00000000   Number         0  stm32f1xx_hal_uart.o ABSOLUTE
    stm32f1xx_it.c                           0x00000000   Number         0  stm32f1xx_it.o ABSOLUTE
    system_stm32f1xx.c                       0x00000000   Number         0  system_stm32f1xx.o ABSOLUTE
    tim.c                                    0x00000000   Number         0  tim.o ABSOLUTE
    usart.c                                  0x00000000   Number         0  usart.o ABSOLUTE
    RESET                                    0x08000000   Section      304  startup_stm32f103xe.o(RESET)
    !!!main                                  0x08000130   Section        8  __main.o(!!!main)
    !!!scatter                               0x08000138   Section       52  __scatter.o(!!!scatter)
    !!dclz77c                                0x0800016c   Section      100  __dclz77c.o(!!dclz77c)
    !!handler_zi                             0x080001d0   Section       28  __scatter_zi.o(!!handler_zi)
    .ARM.Collect$$libinit$$00000000          0x080001ec   Section        2  libinit.o(.ARM.Collect$$libinit$$00000000)
    .ARM.Collect$$libinit$$00000002          0x080001ee   Section        0  libinit2.o(.ARM.Collect$$libinit$$00000002)
    .ARM.Collect$$libinit$$00000004          0x080001ee   Section        0  libinit2.o(.ARM.Collect$$libinit$$00000004)
    .ARM.Collect$$libinit$$00000006          0x080001ee   Section        0  libinit2.o(.ARM.Collect$$libinit$$00000006)
    .ARM.Collect$$libinit$$0000000C          0x080001ee   Section        0  libinit2.o(.ARM.Collect$$libinit$$0000000C)
    .ARM.Collect$$libinit$$0000000E          0x080001ee   Section        0  libinit2.o(.ARM.Collect$$libinit$$0000000E)
    .ARM.Collect$$libinit$$00000010          0x080001ee   Section        0  libinit2.o(.ARM.Collect$$libinit$$00000010)
    .ARM.Collect$$libinit$$00000013          0x080001ee   Section        0  libinit2.o(.ARM.Collect$$libinit$$00000013)
    .ARM.Collect$$libinit$$00000015          0x080001ee   Section        0  libinit2.o(.ARM.Collect$$libinit$$00000015)
    .ARM.Collect$$libinit$$00000017          0x080001ee   Section        0  libinit2.o(.ARM.Collect$$libinit$$00000017)
    .ARM.Collect$$libinit$$00000019          0x080001ee   Section        0  libinit2.o(.ARM.Collect$$libinit$$00000019)
    .ARM.Collect$$libinit$$0000001B          0x080001ee   Section        0  libinit2.o(.ARM.Collect$$libinit$$0000001B)
    .ARM.Collect$$libinit$$0000001D          0x080001ee   Section        0  libinit2.o(.ARM.Collect$$libinit$$0000001D)
    .ARM.Collect$$libinit$$0000001F          0x080001ee   Section        0  libinit2.o(.ARM.Collect$$libinit$$0000001F)
    .ARM.Collect$$libinit$$00000021          0x080001ee   Section        0  libinit2.o(.ARM.Collect$$libinit$$00000021)
    .ARM.Collect$$libinit$$00000023          0x080001ee   Section        0  libinit2.o(.ARM.Collect$$libinit$$00000023)
    .ARM.Collect$$libinit$$00000025          0x080001ee   Section        0  libinit2.o(.ARM.Collect$$libinit$$00000025)
    .ARM.Collect$$libinit$$00000027          0x080001ee   Section        0  libinit2.o(.ARM.Collect$$libinit$$00000027)
    .ARM.Collect$$libinit$$0000002E          0x080001ee   Section        0  libinit2.o(.ARM.Collect$$libinit$$0000002E)
    .ARM.Collect$$libinit$$00000030          0x080001ee   Section        0  libinit2.o(.ARM.Collect$$libinit$$00000030)
    .ARM.Collect$$libinit$$00000032          0x080001ee   Section        0  libinit2.o(.ARM.Collect$$libinit$$00000032)
    .ARM.Collect$$libinit$$00000034          0x080001ee   Section        0  libinit2.o(.ARM.Collect$$libinit$$00000034)
    .ARM.Collect$$libinit$$00000035          0x080001ee   Section        2  libinit2.o(.ARM.Collect$$libinit$$00000035)
    .ARM.Collect$$libshutdown$$00000000      0x080001f0   Section        2  libshutdown.o(.ARM.Collect$$libshutdown$$00000000)
    .ARM.Collect$$libshutdown$$00000002      0x080001f2   Section        0  libshutdown2.o(.ARM.Collect$$libshutdown$$00000002)
    .ARM.Collect$$libshutdown$$00000004      0x080001f2   Section        0  libshutdown2.o(.ARM.Collect$$libshutdown$$00000004)
    .ARM.Collect$$libshutdown$$00000007      0x080001f2   Section        0  libshutdown2.o(.ARM.Collect$$libshutdown$$00000007)
    .ARM.Collect$$libshutdown$$0000000A      0x080001f2   Section        0  libshutdown2.o(.ARM.Collect$$libshutdown$$0000000A)
    .ARM.Collect$$libshutdown$$0000000C      0x080001f2   Section        0  libshutdown2.o(.ARM.Collect$$libshutdown$$0000000C)
    .ARM.Collect$$libshutdown$$0000000F      0x080001f2   Section        0  libshutdown2.o(.ARM.Collect$$libshutdown$$0000000F)
    .ARM.Collect$$libshutdown$$00000010      0x080001f2   Section        2  libshutdown2.o(.ARM.Collect$$libshutdown$$00000010)
    .ARM.Collect$$rtentry$$00000000          0x080001f4   Section        0  __rtentry.o(.ARM.Collect$$rtentry$$00000000)
    .ARM.Collect$$rtentry$$00000002          0x080001f4   Section        0  __rtentry2.o(.ARM.Collect$$rtentry$$00000002)
    .ARM.Collect$$rtentry$$00000004          0x080001f4   Section        6  __rtentry4.o(.ARM.Collect$$rtentry$$00000004)
    .ARM.Collect$$rtentry$$00000009          0x080001fa   Section        0  __rtentry2.o(.ARM.Collect$$rtentry$$00000009)
    .ARM.Collect$$rtentry$$0000000A          0x080001fa   Section        4  __rtentry2.o(.ARM.Collect$$rtentry$$0000000A)
    .ARM.Collect$$rtentry$$0000000C          0x080001fe   Section        0  __rtentry2.o(.ARM.Collect$$rtentry$$0000000C)
    .ARM.Collect$$rtentry$$0000000D          0x080001fe   Section        8  __rtentry2.o(.ARM.Collect$$rtentry$$0000000D)
    .ARM.Collect$$rtexit$$00000000           0x08000206   Section        2  rtexit.o(.ARM.Collect$$rtexit$$00000000)
    .ARM.Collect$$rtexit$$00000002           0x08000208   Section        0  rtexit2.o(.ARM.Collect$$rtexit$$00000002)
    .ARM.Collect$$rtexit$$00000003           0x08000208   Section        4  rtexit2.o(.ARM.Collect$$rtexit$$00000003)
    .ARM.Collect$$rtexit$$00000004           0x0800020c   Section        6  rtexit2.o(.ARM.Collect$$rtexit$$00000004)
    .text                                    0x08000214   Section       64  startup_stm32f103xe.o(.text)
    .text                                    0x08000254   Section        0  heapauxi.o(.text)
    .text                                    0x0800025a   Section       74  sys_stackheap_outer.o(.text)
    .text                                    0x080002a4   Section        0  exit.o(.text)
    .text                                    0x080002b8   Section        8  libspace.o(.text)
    .text                                    0x080002c0   Section        0  sys_exit.o(.text)
    .text                                    0x080002cc   Section        2  use_no_semi.o(.text)
    .text                                    0x080002ce   Section        0  indicate_semi.o(.text)
    [Anonymous Symbol]                       0x080002d0   Section        0  bsp_ad9833.o(.text.AD9833_MULT_AmpSet1)
    [Anonymous Symbol]                       0x08000548   Section        0  bsp_ad9833.o(.text.AD9833_MULT_AmpSet2)
    [Anonymous Symbol]                       0x0800075c   Section        0  bsp_ad9833.o(.text.AD9833_MULT_WaveSeting1)
    [Anonymous Symbol]                       0x080007f0   Section        0  bsp_ad9833.o(.text.AD9833_MULT_WaveSeting2)
    [Anonymous Symbol]                       0x08000884   Section        0  bsp_ad9833.o(.text.AD9833_MULT_Write1)
    [Anonymous Symbol]                       0x08000b24   Section        0  bsp_ad9833.o(.text.AD9833_MULT_Write2)
    [Anonymous Symbol]                       0x08000d5c   Section        0  bsp_ad9959.o(.text.AD9959_Drv_Init)
    [Anonymous Symbol]                       0x08000e24   Section        0  bsp_ad9959.o(.text.AD9959_Init)
    [Anonymous Symbol]                       0x0800108c   Section        0  stm32f1xx_it.o(.text.BusFault_Handler)
    [Anonymous Symbol]                       0x08001090   Section        0  stm32f1xx_it.o(.text.DMA1_Channel6_IRQHandler)
    [Anonymous Symbol]                       0x0800109c   Section        0  stm32f1xx_it.o(.text.DebugMon_Handler)
    [Anonymous Symbol]                       0x080010a0   Section        0  main.o(.text.Error_Handler)
    [Anonymous Symbol]                       0x080010ac   Section        0  stm32f1xx_hal_dac.o(.text.HAL_DAC_ConfigChannel)
    [Anonymous Symbol]                       0x080010f8   Section        0  stm32f1xx_hal_dac.o(.text.HAL_DAC_Init)
    [Anonymous Symbol]                       0x08001120   Section        0  dac.o(.text.HAL_DAC_MspInit)
    [Anonymous Symbol]                       0x08001200   Section        0  stm32f1xx_hal_dac.o(.text.HAL_DAC_SetValue)
    [Anonymous Symbol]                       0x08001228   Section        0  stm32f1xx_hal_dac.o(.text.HAL_DAC_Start)
    [Anonymous Symbol]                       0x08001280   Section        0  stm32f1xx_hal_dac.o(.text.HAL_DAC_Stop)
    [Anonymous Symbol]                       0x080012a0   Section        0  stm32f1xx_hal_dma.o(.text.HAL_DMA_Abort)
    [Anonymous Symbol]                       0x080012e8   Section        0  stm32f1xx_hal_dma.o(.text.HAL_DMA_Abort_IT)
    [Anonymous Symbol]                       0x08001410   Section        0  stm32f1xx_hal_dma.o(.text.HAL_DMA_IRQHandler)
    [Anonymous Symbol]                       0x080016a8   Section        0  stm32f1xx_hal_dma.o(.text.HAL_DMA_Init)
    [Anonymous Symbol]                       0x08001738   Section        0  stm32f1xx_hal_dma.o(.text.HAL_DMA_Start_IT)
    [Anonymous Symbol]                       0x080017d4   Section        0  stm32f1xx_hal_gpio.o(.text.HAL_GPIO_Init)
    [Anonymous Symbol]                       0x080019d8   Section        0  stm32f1xx_hal_gpio.o(.text.HAL_GPIO_WritePin)
    [Anonymous Symbol]                       0x080019e4   Section        0  stm32f1xx_hal.o(.text.HAL_GetTick)
    [Anonymous Symbol]                       0x080019f0   Section        0  stm32f1xx_hal.o(.text.HAL_IncTick)
    [Anonymous Symbol]                       0x08001a0c   Section        0  stm32f1xx_hal.o(.text.HAL_Init)
    [Anonymous Symbol]                       0x08001a34   Section        0  stm32f1xx_hal.o(.text.HAL_InitTick)
    [Anonymous Symbol]                       0x08001a7c   Section        0  stm32f1xx_hal_msp.o(.text.HAL_MspInit)
    [Anonymous Symbol]                       0x08001ac0   Section        0  stm32f1xx_hal_cortex.o(.text.HAL_NVIC_EnableIRQ)
    [Anonymous Symbol]                       0x08001ae0   Section        0  stm32f1xx_hal_cortex.o(.text.HAL_NVIC_SetPriority)
    [Anonymous Symbol]                       0x08001b38   Section        0  stm32f1xx_hal_cortex.o(.text.HAL_NVIC_SetPriorityGrouping)
    [Anonymous Symbol]                       0x08001b58   Section        0  stm32f1xx_hal_rcc.o(.text.HAL_RCC_ClockConfig)
    [Anonymous Symbol]                       0x08001d18   Section        0  stm32f1xx_hal_rcc.o(.text.HAL_RCC_GetPCLK1Freq)
    [Anonymous Symbol]                       0x08001d40   Section        0  stm32f1xx_hal_rcc.o(.text.HAL_RCC_GetPCLK2Freq)
    [Anonymous Symbol]                       0x08001d68   Section        0  stm32f1xx_hal_rcc.o(.text.HAL_RCC_OscConfig)
    [Anonymous Symbol]                       0x0800211c   Section        0  stm32f1xx_hal_cortex.o(.text.HAL_SYSTICK_Config)
    [Anonymous Symbol]                       0x08002148   Section        0  stm32f1xx_hal_tim_ex.o(.text.HAL_TIMEx_BreakCallback)
    [Anonymous Symbol]                       0x0800214c   Section        0  stm32f1xx_hal_tim_ex.o(.text.HAL_TIMEx_CommutCallback)
    [Anonymous Symbol]                       0x08002150   Section        0  stm32f1xx_hal_tim_ex.o(.text.HAL_TIMEx_MasterConfigSynchronization)
    [Anonymous Symbol]                       0x080021e4   Section        0  stm32f1xx_hal_tim.o(.text.HAL_TIM_Base_Init)
    [Anonymous Symbol]                       0x0800230c   Section        0  tim.o(.text.HAL_TIM_Base_MspInit)
    [Anonymous Symbol]                       0x0800243c   Section        0  stm32f1xx_hal_tim.o(.text.HAL_TIM_Base_Start)
    [Anonymous Symbol]                       0x080024bc   Section        0  stm32f1xx_hal_tim.o(.text.HAL_TIM_Base_Start_IT)
    [Anonymous Symbol]                       0x08002544   Section        0  stm32f1xx_hal_tim.o(.text.HAL_TIM_Base_Stop_IT)
    [Anonymous Symbol]                       0x08002580   Section        0  stm32f1xx_hal_tim.o(.text.HAL_TIM_ConfigClockSource)
    [Anonymous Symbol]                       0x08002714   Section        0  stm32f1xx_hal_tim.o(.text.HAL_TIM_IC_CaptureCallback)
    [Anonymous Symbol]                       0x08002718   Section        0  stm32f1xx_hal_tim.o(.text.HAL_TIM_IRQHandler)
    [Anonymous Symbol]                       0x08002888   Section        0  stm32f1xx_hal_tim.o(.text.HAL_TIM_OC_DelayElapsedCallback)
    [Anonymous Symbol]                       0x0800288c   Section        0  stm32f1xx_hal_tim.o(.text.HAL_TIM_PWM_PulseFinishedCallback)
    [Anonymous Symbol]                       0x08002890   Section        0  bsp_user.o(.text.HAL_TIM_PeriodElapsedCallback)
    [Anonymous Symbol]                       0x08002a04   Section        0  stm32f1xx_hal_tim.o(.text.HAL_TIM_SlaveConfigSynchro)
    [Anonymous Symbol]                       0x08002a5c   Section        0  stm32f1xx_hal_tim.o(.text.HAL_TIM_TriggerCallback)
    [Anonymous Symbol]                       0x08002a60   Section        0  stm32f1xx_hal_uart.o(.text.HAL_UARTEx_RxEventCallback)
    [Anonymous Symbol]                       0x08002a64   Section        0  stm32f1xx_hal_uart.o(.text.HAL_UART_DMAStop)
    [Anonymous Symbol]                       0x08002ae8   Section        0  stm32f1xx_hal_uart.o(.text.HAL_UART_ErrorCallback)
    [Anonymous Symbol]                       0x08002aec   Section        0  stm32f1xx_hal_uart.o(.text.HAL_UART_IRQHandler)
    [Anonymous Symbol]                       0x08002d58   Section        0  stm32f1xx_hal_uart.o(.text.HAL_UART_Init)
    [Anonymous Symbol]                       0x08002e34   Section        0  usart.o(.text.HAL_UART_MspInit)
    [Anonymous Symbol]                       0x08002f68   Section        0  stm32f1xx_hal_uart.o(.text.HAL_UART_Receive_DMA)
    [Anonymous Symbol]                       0x0800300c   Section        0  stm32f1xx_hal_uart.o(.text.HAL_UART_Receive_IT)
    [Anonymous Symbol]                       0x08003064   Section        0  stm32f1xx_hal_uart.o(.text.HAL_UART_RxCpltCallback)
    [Anonymous Symbol]                       0x08003068   Section        0  stm32f1xx_hal_uart.o(.text.HAL_UART_RxHalfCpltCallback)
    [Anonymous Symbol]                       0x0800306c   Section        0  stm32f1xx_hal_uart.o(.text.HAL_UART_TxCpltCallback)
    [Anonymous Symbol]                       0x08003070   Section        0  stm32f1xx_it.o(.text.HardFault_Handler)
    [Anonymous Symbol]                       0x08003074   Section        0  bsp_ad9959.o(.text.IntReset)
    [Anonymous Symbol]                       0x080030a0   Section        0  bsp_ad9959.o(.text.Intserve)
    [Anonymous Symbol]                       0x08003138   Section        0  dac.o(.text.MX_DAC_Init)
    [Anonymous Symbol]                       0x0800319c   Section        0  dma.o(.text.MX_DMA_Init)
    [Anonymous Symbol]                       0x080031e4   Section        0  gpio.o(.text.MX_GPIO_Init)
    [Anonymous Symbol]                       0x080032dc   Section        0  tim.o(.text.MX_TIM2_Init)
    [Anonymous Symbol]                       0x08003354   Section        0  tim.o(.text.MX_TIM3_Init)
    [Anonymous Symbol]                       0x080033c8   Section        0  tim.o(.text.MX_TIM4_Init)
    [Anonymous Symbol]                       0x08003440   Section        0  tim.o(.text.MX_TIM6_Init)
    [Anonymous Symbol]                       0x08003494   Section        0  tim.o(.text.MX_TIM7_Init)
    [Anonymous Symbol]                       0x080034e8   Section        0  usart.o(.text.MX_USART1_UART_Init)
    [Anonymous Symbol]                       0x08003524   Section        0  usart.o(.text.MX_USART2_UART_Init)
    [Anonymous Symbol]                       0x0800357c   Section        0  stm32f1xx_it.o(.text.MemManage_Handler)
    [Anonymous Symbol]                       0x08003580   Section        0  stm32f1xx_it.o(.text.NMI_Handler)
    [Anonymous Symbol]                       0x08003584   Section        0  stm32f1xx_it.o(.text.PendSV_Handler)
    [Anonymous Symbol]                       0x08003588   Section        0  stm32f1xx_it.o(.text.SVC_Handler)
    [Anonymous Symbol]                       0x0800358c   Section        0  stm32f1xx_it.o(.text.SysTick_Handler)
    [Anonymous Symbol]                       0x08003590   Section        0  system_stm32f1xx.o(.text.SystemInit)
    [Anonymous Symbol]                       0x08003594   Section        0  stm32f1xx_it.o(.text.TIM3_IRQHandler)
    [Anonymous Symbol]                       0x080035a0   Section        0  stm32f1xx_it.o(.text.TIM4_IRQHandler)
    [Anonymous Symbol]                       0x080035ac   Section        0  stm32f1xx_it.o(.text.TIM6_IRQHandler)
    [Anonymous Symbol]                       0x080035b8   Section        0  stm32f1xx_it.o(.text.TIM7_IRQHandler)
    TIM_SlaveTimer_SetConfig                 0x080035c5   Thumb Code   204  stm32f1xx_hal_tim.o(.text.TIM_SlaveTimer_SetConfig)
    [Anonymous Symbol]                       0x080035c4   Section        0  stm32f1xx_hal_tim.o(.text.TIM_SlaveTimer_SetConfig)
    UART_DMAAbortOnError                     0x08003691   Thumb Code    12  stm32f1xx_hal_uart.o(.text.UART_DMAAbortOnError)
    [Anonymous Symbol]                       0x08003690   Section        0  stm32f1xx_hal_uart.o(.text.UART_DMAAbortOnError)
    UART_DMAError                            0x0800369d   Thumb Code   108  stm32f1xx_hal_uart.o(.text.UART_DMAError)
    [Anonymous Symbol]                       0x0800369c   Section        0  stm32f1xx_hal_uart.o(.text.UART_DMAError)
    UART_DMAReceiveCplt                      0x08003709   Thumb Code    76  stm32f1xx_hal_uart.o(.text.UART_DMAReceiveCplt)
    [Anonymous Symbol]                       0x08003708   Section        0  stm32f1xx_hal_uart.o(.text.UART_DMAReceiveCplt)
    UART_DMARxHalfCplt                       0x08003755   Thumb Code    20  stm32f1xx_hal_uart.o(.text.UART_DMARxHalfCplt)
    [Anonymous Symbol]                       0x08003754   Section        0  stm32f1xx_hal_uart.o(.text.UART_DMARxHalfCplt)
    UART_Receive_IT                          0x08003769   Thumb Code   182  stm32f1xx_hal_uart.o(.text.UART_Receive_IT)
    [Anonymous Symbol]                       0x08003768   Section        0  stm32f1xx_hal_uart.o(.text.UART_Receive_IT)
    [Anonymous Symbol]                       0x08003820   Section        0  stm32f1xx_it.o(.text.USART2_IRQHandler)
    [Anonymous Symbol]                       0x08003838   Section        0  stm32f1xx_it.o(.text.UsageFault_Handler)
    [Anonymous Symbol]                       0x0800383c   Section        0  bsp_ad9959.o(.text.WriteData_AD9959)
    [Anonymous Symbol]                       0x08003b14   Section        0  bsp_ad9959.o(.text.Write_Phase)
    [Anonymous Symbol]                       0x08003b50   Section        0  bsp_ad9959.o(.text.Write_frequence)
    [Anonymous Symbol]                       0x08003ba4   Section        0  bsp_user.o(.text.bsp_Init)
    [Anonymous Symbol]                       0x08003c2c   Section        0  bsp_user.o(.text.bsp_drawthewave)
    [Anonymous Symbol]                       0x08003e6c   Section        0  bsp_user.o(.text.bsp_imag_select)
    [Anonymous Symbol]                       0x080040ec   Section        0  bsp_user.o(.text.bsp_usartVar_Callback)
    [Anonymous Symbol]                       0x08004458   Section        0  bsp_usart.o(.text.bsp_usartVar_Conduct)
    [Anonymous Symbol]                       0x080044d4   Section        0  bsp_usart.o(.text.bsp_usartVar_ExtraIRQHandler)
    [Anonymous Symbol]                       0x0800452c   Section        0  main.o(.text.main)
    x$fpl$ddiv                               0x080045c0   Section      692  ddiv.o(x$fpl$ddiv)
    ddiv_entry                               0x080045c7   Thumb Code     0  ddiv.o(x$fpl$ddiv)
    x$fpl$dfix                               0x08004874   Section       94  dfix.o(x$fpl$dfix)
    x$fpl$dfixu                              0x080048d4   Section       90  dfixu.o(x$fpl$dfixu)
    x$fpl$dfltu                              0x0800492e   Section       38  dflt_clz.o(x$fpl$dfltu)
    x$fpl$dmul                               0x08004954   Section      340  dmul.o(x$fpl$dmul)
    x$fpl$dnaninf                            0x08004aa8   Section      156  dnaninf.o(x$fpl$dnaninf)
    x$fpl$dretinf                            0x08004b44   Section       12  dretinf.o(x$fpl$dretinf)
    .L__const.HAL_RCC_GetSysClockFreq.aPredivFactorTable 0x08004b50   Data           2  stm32f1xx_hal_rcc.o(.rodata..L__const.HAL_RCC_GetSysClockFreq.aPredivFactorTable)
    x$fpl$usenofp                            0x08004b50   Section        0  usenofp.o(x$fpl$usenofp)
    .Lswitch.table.AD9833_MULT_WaveSeting2   0x08004b54   Data          12  bsp_ad9833.o(.rodata..Lswitch.table.AD9833_MULT_WaveSeting2)
    .Lswitch.table.Write_Phase               0x08004b60   Data          16  bsp_ad9959.o(.rodata..Lswitch.table.Write_Phase)
    .Lswitch.table.bsp_lisaru_numalp         0x08004b70   Data          56  bsp_user.o(.rodata..Lswitch.table.bsp_lisaru_numalp)
    .L__const.HAL_RCC_GetSysClockFreq.aPLLMULFactorTable 0x08004dc0   Data          16  stm32f1xx_hal_rcc.o(.rodata.cst16)
    .L_MergedGlobals                         0x20000000   Data           8  stm32f1xx_hal.o(.data..L_MergedGlobals)
    [Anonymous Symbol]                       0x20000000   Section        0  stm32f1xx_hal.o(.data..L_MergedGlobals)
    .L_MergedGlobals                         0x20000008   Data          64  bsp_ad9959.o(.data..L_MergedGlobals)
    [Anonymous Symbol]                       0x20000008   Section        0  bsp_ad9959.o(.data..L_MergedGlobals)
    .bss                                     0x2000afc8   Section       96  libspace.o(.bss)
    .L_MergedGlobals                         0x2000b028   Data          36  bsp_user.o(.bss..L_MergedGlobals)
    [Anonymous Symbol]                       0x2000b028   Section        0  bsp_user.o(.bss..L_MergedGlobals)
    .L_MergedGlobals                         0x2000b04c   Data           2  bsp_usart.o(.bss..L_MergedGlobals)
    [Anonymous Symbol]                       0x2000b04c   Section        0  bsp_usart.o(.bss..L_MergedGlobals)
    .L_MergedGlobals.1                       0x2000b04e   Data           4  bsp_ad9959.o(.bss..L_MergedGlobals.1)
    [Anonymous Symbol]                       0x2000b04e   Section        0  bsp_ad9959.o(.bss..L_MergedGlobals.1)
    Heap_Mem                                 0x2000b3f8   Data         512  startup_stm32f103xe.o(HEAP)
    HEAP                                     0x2000b3f8   Section      512  startup_stm32f103xe.o(HEAP)
    Stack_Mem                                0x2000b5f8   Data        1024  startup_stm32f103xe.o(STACK)
    STACK                                    0x2000b5f8   Section     1024  startup_stm32f103xe.o(STACK)
    __initial_sp                             0x2000b9f8   Data           0  startup_stm32f103xe.o(STACK)

    Global Symbols

    Symbol Name                              Value     Ov Type        Size  Object(Section)

    BuildAttributes$$THM_ISAv4$P$D$K$B$S$PE$A:L22UL41UL21$X:L11$S22US41US21$IEEE1$IW$~IW$USESV6$~STKCKD$USESV7$~SHL$OTIME$ROPI$IEEEJ$EBA8$UX$STANDARDLIB$REQ8$PRES8$EABIv2 0x00000000   Number         0  anon$$obj.o ABSOLUTE
    __fp_init_empty                          0x00000000   Number         0  fpinit_empty.o ABSOLUTE
    _printf_flags                            0x00000000   Number         0  printf_stubs.o ABSOLUTE
    _printf_return_value                     0x00000000   Number         0  printf_stubs.o ABSOLUTE
    _printf_sizespec                         0x00000000   Number         0  printf_stubs.o ABSOLUTE
    _printf_widthprec                        0x00000000   Number         0  printf_stubs.o ABSOLUTE
    __ARM_exceptions_init                     - Undefined Weak Reference
    __alloca_initialize                       - Undefined Weak Reference
    __arm_preinit_                            - Undefined Weak Reference
    __arm_relocate_pie_                       - Undefined Weak Reference
    __cpp_initialize__aeabi_                  - Undefined Weak Reference
    __cxa_finalize                            - Undefined Weak Reference
    __sigvec_lookup                           - Undefined Weak Reference
    _atexit_init                              - Undefined Weak Reference
    _call_atexit_fns                          - Undefined Weak Reference
    _clock_init                               - Undefined Weak Reference
    _fp_trap_init                             - Undefined Weak Reference
    _fp_trap_shutdown                         - Undefined Weak Reference
    _get_lc_collate                           - Undefined Weak Reference
    _get_lc_monetary                          - Undefined Weak Reference
    _get_lc_time                              - Undefined Weak Reference
    _getenv_init                              - Undefined Weak Reference
    _handle_redirection                       - Undefined Weak Reference
    _init_alloc                               - Undefined Weak Reference
    _init_user_alloc                          - Undefined Weak Reference
    _initio                                   - Undefined Weak Reference
    _printf_mbtowc                            - Undefined Weak Reference
    _printf_wc                                - Undefined Weak Reference
    _rand_init                                - Undefined Weak Reference
    _signal_finish                            - Undefined Weak Reference
    _signal_init                              - Undefined Weak Reference
    _terminate_alloc                          - Undefined Weak Reference
    _terminate_user_alloc                     - Undefined Weak Reference
    _terminateio                              - Undefined Weak Reference
    __Vectors_Size                           0x00000130   Number         0  startup_stm32f103xe.o ABSOLUTE
    __Vectors                                0x08000000   Data           4  startup_stm32f103xe.o(RESET)
    __Vectors_End                            0x08000130   Data           0  startup_stm32f103xe.o(RESET)
    __main                                   0x08000131   Thumb Code     8  __main.o(!!!main)
    __scatterload                            0x08000139   Thumb Code     0  __scatter.o(!!!scatter)
    __scatterload_rt2                        0x08000139   Thumb Code    44  __scatter.o(!!!scatter)
    __scatterload_rt2_thumb_only             0x08000139   Thumb Code     0  __scatter.o(!!!scatter)
    __scatterload_null                       0x08000147   Thumb Code     0  __scatter.o(!!!scatter)
    __decompress                             0x0800016d   Thumb Code   100  __dclz77c.o(!!dclz77c)
    __decompress2                            0x0800016d   Thumb Code     0  __dclz77c.o(!!dclz77c)
    __scatterload_zeroinit                   0x080001d1   Thumb Code    28  __scatter_zi.o(!!handler_zi)
    __rt_lib_init                            0x080001ed   Thumb Code     0  libinit.o(.ARM.Collect$$libinit$$00000000)
    __rt_lib_init_alloca_1                   0x080001ef   Thumb Code     0  libinit2.o(.ARM.Collect$$libinit$$00000030)
    __rt_lib_init_argv_1                     0x080001ef   Thumb Code     0  libinit2.o(.ARM.Collect$$libinit$$0000002E)
    __rt_lib_init_atexit_1                   0x080001ef   Thumb Code     0  libinit2.o(.ARM.Collect$$libinit$$0000001D)
    __rt_lib_init_clock_1                    0x080001ef   Thumb Code     0  libinit2.o(.ARM.Collect$$libinit$$00000023)
    __rt_lib_init_cpp_1                      0x080001ef   Thumb Code     0  libinit2.o(.ARM.Collect$$libinit$$00000034)
    __rt_lib_init_exceptions_1               0x080001ef   Thumb Code     0  libinit2.o(.ARM.Collect$$libinit$$00000032)
    __rt_lib_init_fp_1                       0x080001ef   Thumb Code     0  libinit2.o(.ARM.Collect$$libinit$$00000002)
    __rt_lib_init_fp_trap_1                  0x080001ef   Thumb Code     0  libinit2.o(.ARM.Collect$$libinit$$00000021)
    __rt_lib_init_getenv_1                   0x080001ef   Thumb Code     0  libinit2.o(.ARM.Collect$$libinit$$00000025)
    __rt_lib_init_heap_1                     0x080001ef   Thumb Code     0  libinit2.o(.ARM.Collect$$libinit$$0000000C)
    __rt_lib_init_lc_collate_1               0x080001ef   Thumb Code     0  libinit2.o(.ARM.Collect$$libinit$$00000013)
    __rt_lib_init_lc_ctype_1                 0x080001ef   Thumb Code     0  libinit2.o(.ARM.Collect$$libinit$$00000015)
    __rt_lib_init_lc_monetary_1              0x080001ef   Thumb Code     0  libinit2.o(.ARM.Collect$$libinit$$00000017)
    __rt_lib_init_lc_numeric_1               0x080001ef   Thumb Code     0  libinit2.o(.ARM.Collect$$libinit$$00000019)
    __rt_lib_init_lc_time_1                  0x080001ef   Thumb Code     0  libinit2.o(.ARM.Collect$$libinit$$0000001B)
    __rt_lib_init_preinit_1                  0x080001ef   Thumb Code     0  libinit2.o(.ARM.Collect$$libinit$$00000006)
    __rt_lib_init_rand_1                     0x080001ef   Thumb Code     0  libinit2.o(.ARM.Collect$$libinit$$00000010)
    __rt_lib_init_relocate_pie_1             0x080001ef   Thumb Code     0  libinit2.o(.ARM.Collect$$libinit$$00000004)
    __rt_lib_init_return                     0x080001ef   Thumb Code     0  libinit2.o(.ARM.Collect$$libinit$$00000035)
    __rt_lib_init_signal_1                   0x080001ef   Thumb Code     0  libinit2.o(.ARM.Collect$$libinit$$0000001F)
    __rt_lib_init_stdio_1                    0x080001ef   Thumb Code     0  libinit2.o(.ARM.Collect$$libinit$$00000027)
    __rt_lib_init_user_alloc_1               0x080001ef   Thumb Code     0  libinit2.o(.ARM.Collect$$libinit$$0000000E)
    __rt_lib_shutdown                        0x080001f1   Thumb Code     0  libshutdown.o(.ARM.Collect$$libshutdown$$00000000)
    __rt_lib_shutdown_cpp_1                  0x080001f3   Thumb Code     0  libshutdown2.o(.ARM.Collect$$libshutdown$$00000002)
    __rt_lib_shutdown_fp_trap_1              0x080001f3   Thumb Code     0  libshutdown2.o(.ARM.Collect$$libshutdown$$00000007)
    __rt_lib_shutdown_heap_1                 0x080001f3   Thumb Code     0  libshutdown2.o(.ARM.Collect$$libshutdown$$0000000F)
    __rt_lib_shutdown_return                 0x080001f3   Thumb Code     0  libshutdown2.o(.ARM.Collect$$libshutdown$$00000010)
    __rt_lib_shutdown_signal_1               0x080001f3   Thumb Code     0  libshutdown2.o(.ARM.Collect$$libshutdown$$0000000A)
    __rt_lib_shutdown_stdio_1                0x080001f3   Thumb Code     0  libshutdown2.o(.ARM.Collect$$libshutdown$$00000004)
    __rt_lib_shutdown_user_alloc_1           0x080001f3   Thumb Code     0  libshutdown2.o(.ARM.Collect$$libshutdown$$0000000C)
    __rt_entry                               0x080001f5   Thumb Code     0  __rtentry.o(.ARM.Collect$$rtentry$$00000000)
    __rt_entry_presh_1                       0x080001f5   Thumb Code     0  __rtentry2.o(.ARM.Collect$$rtentry$$00000002)
    __rt_entry_sh                            0x080001f5   Thumb Code     0  __rtentry4.o(.ARM.Collect$$rtentry$$00000004)
    __rt_entry_li                            0x080001fb   Thumb Code     0  __rtentry2.o(.ARM.Collect$$rtentry$$0000000A)
    __rt_entry_postsh_1                      0x080001fb   Thumb Code     0  __rtentry2.o(.ARM.Collect$$rtentry$$00000009)
    __rt_entry_main                          0x080001ff   Thumb Code     0  __rtentry2.o(.ARM.Collect$$rtentry$$0000000D)
    __rt_entry_postli_1                      0x080001ff   Thumb Code     0  __rtentry2.o(.ARM.Collect$$rtentry$$0000000C)
    __rt_exit                                0x08000207   Thumb Code     0  rtexit.o(.ARM.Collect$$rtexit$$00000000)
    __rt_exit_ls                             0x08000209   Thumb Code     0  rtexit2.o(.ARM.Collect$$rtexit$$00000003)
    __rt_exit_prels_1                        0x08000209   Thumb Code     0  rtexit2.o(.ARM.Collect$$rtexit$$00000002)
    __rt_exit_exit                           0x0800020d   Thumb Code     0  rtexit2.o(.ARM.Collect$$rtexit$$00000004)
    Reset_Handler                            0x08000215   Thumb Code     8  startup_stm32f103xe.o(.text)
    ADC1_2_IRQHandler                        0x0800022f   Thumb Code     0  startup_stm32f103xe.o(.text)
    ADC3_IRQHandler                          0x0800022f   Thumb Code     0  startup_stm32f103xe.o(.text)
    CAN1_RX1_IRQHandler                      0x0800022f   Thumb Code     0  startup_stm32f103xe.o(.text)
    CAN1_SCE_IRQHandler                      0x0800022f   Thumb Code     0  startup_stm32f103xe.o(.text)
    DMA1_Channel1_IRQHandler                 0x0800022f   Thumb Code     0  startup_stm32f103xe.o(.text)
    DMA1_Channel2_IRQHandler                 0x0800022f   Thumb Code     0  startup_stm32f103xe.o(.text)
    DMA1_Channel3_IRQHandler                 0x0800022f   Thumb Code     0  startup_stm32f103xe.o(.text)
    DMA1_Channel4_IRQHandler                 0x0800022f   Thumb Code     0  startup_stm32f103xe.o(.text)
    DMA1_Channel5_IRQHandler                 0x0800022f   Thumb Code     0  startup_stm32f103xe.o(.text)
    DMA1_Channel7_IRQHandler                 0x0800022f   Thumb Code     0  startup_stm32f103xe.o(.text)
    DMA2_Channel1_IRQHandler                 0x0800022f   Thumb Code     0  startup_stm32f103xe.o(.text)
    DMA2_Channel2_IRQHandler                 0x0800022f   Thumb Code     0  startup_stm32f103xe.o(.text)
    DMA2_Channel3_IRQHandler                 0x0800022f   Thumb Code     0  startup_stm32f103xe.o(.text)
    DMA2_Channel4_5_IRQHandler               0x0800022f   Thumb Code     0  startup_stm32f103xe.o(.text)
    EXTI0_IRQHandler                         0x0800022f   Thumb Code     0  startup_stm32f103xe.o(.text)
    EXTI15_10_IRQHandler                     0x0800022f   Thumb Code     0  startup_stm32f103xe.o(.text)
    EXTI1_IRQHandler                         0x0800022f   Thumb Code     0  startup_stm32f103xe.o(.text)
    EXTI2_IRQHandler                         0x0800022f   Thumb Code     0  startup_stm32f103xe.o(.text)
    EXTI3_IRQHandler                         0x0800022f   Thumb Code     0  startup_stm32f103xe.o(.text)
    EXTI4_IRQHandler                         0x0800022f   Thumb Code     0  startup_stm32f103xe.o(.text)
    EXTI9_5_IRQHandler                       0x0800022f   Thumb Code     0  startup_stm32f103xe.o(.text)
    FLASH_IRQHandler                         0x0800022f   Thumb Code     0  startup_stm32f103xe.o(.text)
    FSMC_IRQHandler                          0x0800022f   Thumb Code     0  startup_stm32f103xe.o(.text)
    I2C1_ER_IRQHandler                       0x0800022f   Thumb Code     0  startup_stm32f103xe.o(.text)
    I2C1_EV_IRQHandler                       0x0800022f   Thumb Code     0  startup_stm32f103xe.o(.text)
    I2C2_ER_IRQHandler                       0x0800022f   Thumb Code     0  startup_stm32f103xe.o(.text)
    I2C2_EV_IRQHandler                       0x0800022f   Thumb Code     0  startup_stm32f103xe.o(.text)
    PVD_IRQHandler                           0x0800022f   Thumb Code     0  startup_stm32f103xe.o(.text)
    RCC_IRQHandler                           0x0800022f   Thumb Code     0  startup_stm32f103xe.o(.text)
    RTC_Alarm_IRQHandler                     0x0800022f   Thumb Code     0  startup_stm32f103xe.o(.text)
    RTC_IRQHandler                           0x0800022f   Thumb Code     0  startup_stm32f103xe.o(.text)
    SDIO_IRQHandler                          0x0800022f   Thumb Code     0  startup_stm32f103xe.o(.text)
    SPI1_IRQHandler                          0x0800022f   Thumb Code     0  startup_stm32f103xe.o(.text)
    SPI2_IRQHandler                          0x0800022f   Thumb Code     0  startup_stm32f103xe.o(.text)
    SPI3_IRQHandler                          0x0800022f   Thumb Code     0  startup_stm32f103xe.o(.text)
    TAMPER_IRQHandler                        0x0800022f   Thumb Code     0  startup_stm32f103xe.o(.text)
    TIM1_BRK_IRQHandler                      0x0800022f   Thumb Code     0  startup_stm32f103xe.o(.text)
    TIM1_CC_IRQHandler                       0x0800022f   Thumb Code     0  startup_stm32f103xe.o(.text)
    TIM1_TRG_COM_IRQHandler                  0x0800022f   Thumb Code     0  startup_stm32f103xe.o(.text)
    TIM1_UP_IRQHandler                       0x0800022f   Thumb Code     0  startup_stm32f103xe.o(.text)
    TIM2_IRQHandler                          0x0800022f   Thumb Code     0  startup_stm32f103xe.o(.text)
    TIM5_IRQHandler                          0x0800022f   Thumb Code     0  startup_stm32f103xe.o(.text)
    TIM8_BRK_IRQHandler                      0x0800022f   Thumb Code     0  startup_stm32f103xe.o(.text)
    TIM8_CC_IRQHandler                       0x0800022f   Thumb Code     0  startup_stm32f103xe.o(.text)
    TIM8_TRG_COM_IRQHandler                  0x0800022f   Thumb Code     0  startup_stm32f103xe.o(.text)
    TIM8_UP_IRQHandler                       0x0800022f   Thumb Code     0  startup_stm32f103xe.o(.text)
    UART4_IRQHandler                         0x0800022f   Thumb Code     0  startup_stm32f103xe.o(.text)
    UART5_IRQHandler                         0x0800022f   Thumb Code     0  startup_stm32f103xe.o(.text)
    USART1_IRQHandler                        0x0800022f   Thumb Code     0  startup_stm32f103xe.o(.text)
    USART3_IRQHandler                        0x0800022f   Thumb Code     0  startup_stm32f103xe.o(.text)
    USBWakeUp_IRQHandler                     0x0800022f   Thumb Code     0  startup_stm32f103xe.o(.text)
    USB_HP_CAN1_TX_IRQHandler                0x0800022f   Thumb Code     0  startup_stm32f103xe.o(.text)
    USB_LP_CAN1_RX0_IRQHandler               0x0800022f   Thumb Code     0  startup_stm32f103xe.o(.text)
    WWDG_IRQHandler                          0x0800022f   Thumb Code     0  startup_stm32f103xe.o(.text)
    __user_initial_stackheap                 0x08000231   Thumb Code     0  startup_stm32f103xe.o(.text)
    __use_two_region_memory                  0x08000255   Thumb Code     2  heapauxi.o(.text)
    __rt_heap_escrow$2region                 0x08000257   Thumb Code     2  heapauxi.o(.text)
    __rt_heap_expand$2region                 0x08000259   Thumb Code     2  heapauxi.o(.text)
    __user_setup_stackheap                   0x0800025b   Thumb Code    74  sys_stackheap_outer.o(.text)
    exit                                     0x080002a5   Thumb Code    18  exit.o(.text)
    __user_libspace                          0x080002b9   Thumb Code     8  libspace.o(.text)
    __user_perproc_libspace                  0x080002b9   Thumb Code     0  libspace.o(.text)
    __user_perthread_libspace                0x080002b9   Thumb Code     0  libspace.o(.text)
    _sys_exit                                0x080002c1   Thumb Code     8  sys_exit.o(.text)
    __I$use$semihosting                      0x080002cd   Thumb Code     0  use_no_semi.o(.text)
    __use_no_semihosting_swi                 0x080002cd   Thumb Code     2  use_no_semi.o(.text)
    __semihosting_library_function           0x080002cf   Thumb Code     0  indicate_semi.o(.text)
    AD9833_MULT_AmpSet1                      0x080002d1   Thumb Code   630  bsp_ad9833.o(.text.AD9833_MULT_AmpSet1)
    AD9833_MULT_AmpSet2                      0x08000549   Thumb Code   530  bsp_ad9833.o(.text.AD9833_MULT_AmpSet2)
    AD9833_MULT_WaveSeting1                  0x0800075d   Thumb Code   146  bsp_ad9833.o(.text.AD9833_MULT_WaveSeting1)
    AD9833_MULT_WaveSeting2                  0x080007f1   Thumb Code   146  bsp_ad9833.o(.text.AD9833_MULT_WaveSeting2)
    AD9833_MULT_Write1                       0x08000885   Thumb Code   672  bsp_ad9833.o(.text.AD9833_MULT_Write1)
    AD9833_MULT_Write2                       0x08000b25   Thumb Code   568  bsp_ad9833.o(.text.AD9833_MULT_Write2)
    AD9959_Drv_Init                          0x08000d5d   Thumb Code   200  bsp_ad9959.o(.text.AD9959_Drv_Init)
    AD9959_Init                              0x08000e25   Thumb Code   614  bsp_ad9959.o(.text.AD9959_Init)
    BusFault_Handler                         0x0800108d   Thumb Code     2  stm32f1xx_it.o(.text.BusFault_Handler)
    DMA1_Channel6_IRQHandler                 0x08001091   Thumb Code    12  stm32f1xx_it.o(.text.DMA1_Channel6_IRQHandler)
    DebugMon_Handler                         0x0800109d   Thumb Code     2  stm32f1xx_it.o(.text.DebugMon_Handler)
    Error_Handler                            0x080010a1   Thumb Code    10  main.o(.text.Error_Handler)
    HAL_DAC_ConfigChannel                    0x080010ad   Thumb Code    76  stm32f1xx_hal_dac.o(.text.HAL_DAC_ConfigChannel)
    HAL_DAC_Init                             0x080010f9   Thumb Code    40  stm32f1xx_hal_dac.o(.text.HAL_DAC_Init)
    HAL_DAC_MspInit                          0x08001121   Thumb Code   224  dac.o(.text.HAL_DAC_MspInit)
    HAL_DAC_SetValue                         0x08001201   Thumb Code    38  stm32f1xx_hal_dac.o(.text.HAL_DAC_SetValue)
    HAL_DAC_Start                            0x08001229   Thumb Code    88  stm32f1xx_hal_dac.o(.text.HAL_DAC_Start)
    HAL_DAC_Stop                             0x08001281   Thumb Code    32  stm32f1xx_hal_dac.o(.text.HAL_DAC_Stop)
    HAL_DMA_Abort                            0x080012a1   Thumb Code    70  stm32f1xx_hal_dma.o(.text.HAL_DMA_Abort)
    HAL_DMA_Abort_IT                         0x080012e9   Thumb Code   294  stm32f1xx_hal_dma.o(.text.HAL_DMA_Abort_IT)
    HAL_DMA_IRQHandler                       0x08001411   Thumb Code   662  stm32f1xx_hal_dma.o(.text.HAL_DMA_IRQHandler)
    HAL_DMA_Init                             0x080016a9   Thumb Code   142  stm32f1xx_hal_dma.o(.text.HAL_DMA_Init)
    HAL_DMA_Start_IT                         0x08001739   Thumb Code   156  stm32f1xx_hal_dma.o(.text.HAL_DMA_Start_IT)
    HAL_GPIO_Init                            0x080017d5   Thumb Code   514  stm32f1xx_hal_gpio.o(.text.HAL_GPIO_Init)
    HAL_GPIO_WritePin                        0x080019d9   Thumb Code    10  stm32f1xx_hal_gpio.o(.text.HAL_GPIO_WritePin)
    HAL_GetTick                              0x080019e5   Thumb Code    12  stm32f1xx_hal.o(.text.HAL_GetTick)
    HAL_IncTick                              0x080019f1   Thumb Code    26  stm32f1xx_hal.o(.text.HAL_IncTick)
    HAL_Init                                 0x08001a0d   Thumb Code    38  stm32f1xx_hal.o(.text.HAL_Init)
    HAL_InitTick                             0x08001a35   Thumb Code    72  stm32f1xx_hal.o(.text.HAL_InitTick)
    HAL_MspInit                              0x08001a7d   Thumb Code    66  stm32f1xx_hal_msp.o(.text.HAL_MspInit)
    HAL_NVIC_EnableIRQ                       0x08001ac1   Thumb Code    32  stm32f1xx_hal_cortex.o(.text.HAL_NVIC_EnableIRQ)
    HAL_NVIC_SetPriority                     0x08001ae1   Thumb Code    86  stm32f1xx_hal_cortex.o(.text.HAL_NVIC_SetPriority)
    HAL_NVIC_SetPriorityGrouping             0x08001b39   Thumb Code    32  stm32f1xx_hal_cortex.o(.text.HAL_NVIC_SetPriorityGrouping)
    HAL_RCC_ClockConfig                      0x08001b59   Thumb Code   446  stm32f1xx_hal_rcc.o(.text.HAL_RCC_ClockConfig)
    HAL_RCC_GetPCLK1Freq                     0x08001d19   Thumb Code    38  stm32f1xx_hal_rcc.o(.text.HAL_RCC_GetPCLK1Freq)
    HAL_RCC_GetPCLK2Freq                     0x08001d41   Thumb Code    38  stm32f1xx_hal_rcc.o(.text.HAL_RCC_GetPCLK2Freq)
    HAL_RCC_OscConfig                        0x08001d69   Thumb Code   948  stm32f1xx_hal_rcc.o(.text.HAL_RCC_OscConfig)
    HAL_SYSTICK_Config                       0x0800211d   Thumb Code    44  stm32f1xx_hal_cortex.o(.text.HAL_SYSTICK_Config)
    HAL_TIMEx_BreakCallback                  0x08002149   Thumb Code     2  stm32f1xx_hal_tim_ex.o(.text.HAL_TIMEx_BreakCallback)
    HAL_TIMEx_CommutCallback                 0x0800214d   Thumb Code     2  stm32f1xx_hal_tim_ex.o(.text.HAL_TIMEx_CommutCallback)
    HAL_TIMEx_MasterConfigSynchronization    0x08002151   Thumb Code   146  stm32f1xx_hal_tim_ex.o(.text.HAL_TIMEx_MasterConfigSynchronization)
    HAL_TIM_Base_Init                        0x080021e5   Thumb Code   294  stm32f1xx_hal_tim.o(.text.HAL_TIM_Base_Init)
    HAL_TIM_Base_MspInit                     0x0800230d   Thumb Code   304  tim.o(.text.HAL_TIM_Base_MspInit)
    HAL_TIM_Base_Start                       0x0800243d   Thumb Code   126  stm32f1xx_hal_tim.o(.text.HAL_TIM_Base_Start)
    HAL_TIM_Base_Start_IT                    0x080024bd   Thumb Code   134  stm32f1xx_hal_tim.o(.text.HAL_TIM_Base_Start_IT)
    HAL_TIM_Base_Stop_IT                     0x08002545   Thumb Code    60  stm32f1xx_hal_tim.o(.text.HAL_TIM_Base_Stop_IT)
    HAL_TIM_ConfigClockSource                0x08002581   Thumb Code   402  stm32f1xx_hal_tim.o(.text.HAL_TIM_ConfigClockSource)
    HAL_TIM_IC_CaptureCallback               0x08002715   Thumb Code     2  stm32f1xx_hal_tim.o(.text.HAL_TIM_IC_CaptureCallback)
    HAL_TIM_IRQHandler                       0x08002719   Thumb Code   368  stm32f1xx_hal_tim.o(.text.HAL_TIM_IRQHandler)
    HAL_TIM_OC_DelayElapsedCallback          0x08002889   Thumb Code     2  stm32f1xx_hal_tim.o(.text.HAL_TIM_OC_DelayElapsedCallback)
    HAL_TIM_PWM_PulseFinishedCallback        0x0800288d   Thumb Code     2  stm32f1xx_hal_tim.o(.text.HAL_TIM_PWM_PulseFinishedCallback)
    HAL_TIM_PeriodElapsedCallback            0x08002891   Thumb Code   370  bsp_user.o(.text.HAL_TIM_PeriodElapsedCallback)
    HAL_TIM_SlaveConfigSynchro               0x08002a05   Thumb Code    88  stm32f1xx_hal_tim.o(.text.HAL_TIM_SlaveConfigSynchro)
    HAL_TIM_TriggerCallback                  0x08002a5d   Thumb Code     2  stm32f1xx_hal_tim.o(.text.HAL_TIM_TriggerCallback)
    HAL_UARTEx_RxEventCallback               0x08002a61   Thumb Code     2  stm32f1xx_hal_uart.o(.text.HAL_UARTEx_RxEventCallback)
    HAL_UART_DMAStop                         0x08002a65   Thumb Code   132  stm32f1xx_hal_uart.o(.text.HAL_UART_DMAStop)
    HAL_UART_ErrorCallback                   0x08002ae9   Thumb Code     2  stm32f1xx_hal_uart.o(.text.HAL_UART_ErrorCallback)
    HAL_UART_IRQHandler                      0x08002aed   Thumb Code   620  stm32f1xx_hal_uart.o(.text.HAL_UART_IRQHandler)
    HAL_UART_Init                            0x08002d59   Thumb Code   220  stm32f1xx_hal_uart.o(.text.HAL_UART_Init)
    HAL_UART_MspInit                         0x08002e35   Thumb Code   306  usart.o(.text.HAL_UART_MspInit)
    HAL_UART_Receive_DMA                     0x08002f69   Thumb Code   164  stm32f1xx_hal_uart.o(.text.HAL_UART_Receive_DMA)
    HAL_UART_Receive_IT                      0x0800300d   Thumb Code    86  stm32f1xx_hal_uart.o(.text.HAL_UART_Receive_IT)
    HAL_UART_RxCpltCallback                  0x08003065   Thumb Code     2  stm32f1xx_hal_uart.o(.text.HAL_UART_RxCpltCallback)
    HAL_UART_RxHalfCpltCallback              0x08003069   Thumb Code     2  stm32f1xx_hal_uart.o(.text.HAL_UART_RxHalfCpltCallback)
    HAL_UART_TxCpltCallback                  0x0800306d   Thumb Code     2  stm32f1xx_hal_uart.o(.text.HAL_UART_TxCpltCallback)
    HardFault_Handler                        0x08003071   Thumb Code     2  stm32f1xx_it.o(.text.HardFault_Handler)
    IntReset                                 0x08003075   Thumb Code    44  bsp_ad9959.o(.text.IntReset)
    Intserve                                 0x080030a1   Thumb Code   152  bsp_ad9959.o(.text.Intserve)
    MX_DAC_Init                              0x08003139   Thumb Code    98  dac.o(.text.MX_DAC_Init)
    MX_DMA_Init                              0x0800319d   Thumb Code    70  dma.o(.text.MX_DMA_Init)
    MX_GPIO_Init                             0x080031e5   Thumb Code   248  gpio.o(.text.MX_GPIO_Init)
    MX_TIM2_Init                             0x080032dd   Thumb Code   118  tim.o(.text.MX_TIM2_Init)
    MX_TIM3_Init                             0x08003355   Thumb Code   116  tim.o(.text.MX_TIM3_Init)
    MX_TIM4_Init                             0x080033c9   Thumb Code   118  tim.o(.text.MX_TIM4_Init)
    MX_TIM6_Init                             0x08003441   Thumb Code    84  tim.o(.text.MX_TIM6_Init)
    MX_TIM7_Init                             0x08003495   Thumb Code    84  tim.o(.text.MX_TIM7_Init)
    MX_USART1_UART_Init                      0x080034e9   Thumb Code    60  usart.o(.text.MX_USART1_UART_Init)
    MX_USART2_UART_Init                      0x08003525   Thumb Code    86  usart.o(.text.MX_USART2_UART_Init)
    MemManage_Handler                        0x0800357d   Thumb Code     2  stm32f1xx_it.o(.text.MemManage_Handler)
    NMI_Handler                              0x08003581   Thumb Code     2  stm32f1xx_it.o(.text.NMI_Handler)
    PendSV_Handler                           0x08003585   Thumb Code     2  stm32f1xx_it.o(.text.PendSV_Handler)
    SVC_Handler                              0x08003589   Thumb Code     2  stm32f1xx_it.o(.text.SVC_Handler)
    SysTick_Handler                          0x0800358d   Thumb Code     4  stm32f1xx_it.o(.text.SysTick_Handler)
    SystemInit                               0x08003591   Thumb Code     2  system_stm32f1xx.o(.text.SystemInit)
    TIM3_IRQHandler                          0x08003595   Thumb Code    12  stm32f1xx_it.o(.text.TIM3_IRQHandler)
    TIM4_IRQHandler                          0x080035a1   Thumb Code    12  stm32f1xx_it.o(.text.TIM4_IRQHandler)
    TIM6_IRQHandler                          0x080035ad   Thumb Code    12  stm32f1xx_it.o(.text.TIM6_IRQHandler)
    TIM7_IRQHandler                          0x080035b9   Thumb Code    12  stm32f1xx_it.o(.text.TIM7_IRQHandler)
    USART2_IRQHandler                        0x08003821   Thumb Code    22  stm32f1xx_it.o(.text.USART2_IRQHandler)
    UsageFault_Handler                       0x08003839   Thumb Code     2  stm32f1xx_it.o(.text.UsageFault_Handler)
    WriteData_AD9959                         0x0800383d   Thumb Code   726  bsp_ad9959.o(.text.WriteData_AD9959)
    Write_Phase                              0x08003b15   Thumb Code    58  bsp_ad9959.o(.text.Write_Phase)
    Write_frequence                          0x08003b51   Thumb Code    82  bsp_ad9959.o(.text.Write_frequence)
    bsp_Init                                 0x08003ba5   Thumb Code   134  bsp_user.o(.text.bsp_Init)
    bsp_drawthewave                          0x08003c2d   Thumb Code   576  bsp_user.o(.text.bsp_drawthewave)
    bsp_imag_select                          0x08003e6d   Thumb Code   638  bsp_user.o(.text.bsp_imag_select)
    bsp_usartVar_Callback                    0x080040ed   Thumb Code   874  bsp_user.o(.text.bsp_usartVar_Callback)
    bsp_usartVar_Conduct                     0x08004459   Thumb Code   124  bsp_usart.o(.text.bsp_usartVar_Conduct)
    bsp_usartVar_ExtraIRQHandler             0x080044d5   Thumb Code    88  bsp_usart.o(.text.bsp_usartVar_ExtraIRQHandler)
    main                                     0x0800452d   Thumb Code   146  main.o(.text.main)
    __aeabi_ddiv                             0x080045c1   Thumb Code     0  ddiv.o(x$fpl$ddiv)
    _ddiv                                    0x080045c1   Thumb Code   556  ddiv.o(x$fpl$ddiv)
    __aeabi_d2iz                             0x08004875   Thumb Code     0  dfix.o(x$fpl$dfix)
    _dfix                                    0x08004875   Thumb Code    94  dfix.o(x$fpl$dfix)
    __aeabi_d2uiz                            0x080048d5   Thumb Code     0  dfixu.o(x$fpl$dfixu)
    _dfixu                                   0x080048d5   Thumb Code    90  dfixu.o(x$fpl$dfixu)
    __aeabi_ui2d                             0x0800492f   Thumb Code     0  dflt_clz.o(x$fpl$dfltu)
    _dfltu                                   0x0800492f   Thumb Code    38  dflt_clz.o(x$fpl$dfltu)
    __aeabi_dmul                             0x08004955   Thumb Code     0  dmul.o(x$fpl$dmul)
    _dmul                                    0x08004955   Thumb Code   332  dmul.o(x$fpl$dmul)
    __fpl_dnaninf                            0x08004aa9   Thumb Code   156  dnaninf.o(x$fpl$dnaninf)
    __fpl_dretinf                            0x08004b45   Thumb Code    12  dretinf.o(x$fpl$dretinf)
    __I$use$fp                               0x08004b50   Number         0  usenofp.o(x$fpl$usenofp)
    AHBPrescTable                            0x08004ba8   Data          16  system_stm32f1xx.o(.rodata.AHBPrescTable)
    APBPrescTable                            0x08004bb8   Data           8  system_stm32f1xx.o(.rodata.APBPrescTable)
    Sine256bit_0                             0x08004bc0   Data         512  bsp_user.o(.rodata.Sine256bit_0)
    Region$$Table$$Base                      0x08004dd0   Number         0  anon$$obj.o(Region$$Table)
    Region$$Table$$Limit                     0x08004df0   Number         0  anon$$obj.o(Region$$Table)
    uwTickFreq                               0x20000000   Data           1  stm32f1xx_hal.o(.data..L_MergedGlobals)
    uwTickPrio                               0x20000004   Data           4  stm32f1xx_hal.o(.data..L_MergedGlobals)
    CSR_DATA0                                0x20000008   Data           1  bsp_ad9959.o(.data..L_MergedGlobals)
    CSR_DATA1                                0x20000009   Data           1  bsp_ad9959.o(.data..L_MergedGlobals)
    CSR_DATA2                                0x2000000a   Data           1  bsp_ad9959.o(.data..L_MergedGlobals)
    CSR_DATA3                                0x2000000b   Data           1  bsp_ad9959.o(.data..L_MergedGlobals)
    SinFre                                   0x2000000c   Data          20  bsp_ad9959.o(.data..L_MergedGlobals)
    SinAmp                                   0x20000020   Data          20  bsp_ad9959.o(.data..L_MergedGlobals)
    SinPhr                                   0x20000034   Data          20  bsp_ad9959.o(.data..L_MergedGlobals)
    SystemCoreClock                          0x20000048   Data           4  system_stm32f1xx.o(.data.SystemCoreClock)
    image                                    0x2000004c   Data           1  bsp_user.o(.data.image)
    lisaru_Alp                               0x20000050   Data          16  bsp_dac.o(.data.lisaru_Alp)
    lisaru_Num                               0x20000060   Data          40  bsp_dac.o(.data.lisaru_Num)
    lisaru_img_alp_A                         0x20000088   Data        3204  bsp_dac.o(.data.lisaru_img_alp_A)
    lisaru_img_alp_B                         0x20000d0c   Data        3204  bsp_dac.o(.data.lisaru_img_alp_B)
    lisaru_img_alp_C                         0x20001990   Data        3204  bsp_dac.o(.data.lisaru_img_alp_C)
    lisaru_img_alp_D                         0x20002614   Data        3204  bsp_dac.o(.data.lisaru_img_alp_D)
    lisaru_img_num_0                         0x20003298   Data        3204  bsp_dac.o(.data.lisaru_img_num_0)
    lisaru_img_num_1                         0x20003f1c   Data        3204  bsp_dac.o(.data.lisaru_img_num_1)
    lisaru_img_num_2                         0x20004ba0   Data        3204  bsp_dac.o(.data.lisaru_img_num_2)
    lisaru_img_num_3                         0x20005824   Data        3204  bsp_dac.o(.data.lisaru_img_num_3)
    lisaru_img_num_4                         0x200064a8   Data        3204  bsp_dac.o(.data.lisaru_img_num_4)
    lisaru_img_num_5                         0x2000712c   Data        3204  bsp_dac.o(.data.lisaru_img_num_5)
    lisaru_img_num_6                         0x20007db0   Data        3204  bsp_dac.o(.data.lisaru_img_num_6)
    lisaru_img_num_7                         0x20008a34   Data        3204  bsp_dac.o(.data.lisaru_img_num_7)
    lisaru_img_num_8                         0x200096b8   Data        3204  bsp_dac.o(.data.lisaru_img_num_8)
    lisaru_img_num_9                         0x2000a33c   Data        3204  bsp_dac.o(.data.lisaru_img_num_9)
    xFR1_DATA                                0x2000afc0   Data           3  bsp_user.o(.data.xFR1_DATA)
    __libspace_start                         0x2000afc8   Data          96  libspace.o(.bss)
    __temporary_stack_top$libspace           0x2000b028   Data           0  libspace.o(.bss)
    image_gate                               0x2000b028   Data           1  bsp_user.o(.bss..L_MergedGlobals)
    Freq_mode                                0x2000b029   Data           1  bsp_user.o(.bss..L_MergedGlobals)
    now_freq1                                0x2000b02a   Data           2  bsp_user.o(.bss..L_MergedGlobals)
    now_freq2                                0x2000b02c   Data           2  bsp_user.o(.bss..L_MergedGlobals)
    now_pha2                                 0x2000b02e   Data           2  bsp_user.o(.bss..L_MergedGlobals)
    SineCodeTimer1                           0x2000b030   Data           2  bsp_user.o(.bss..L_MergedGlobals)
    SineCodeTimer2                           0x2000b032   Data           2  bsp_user.o(.bss..L_MergedGlobals)
    lisa                                     0x2000b034   Data          12  bsp_user.o(.bss..L_MergedGlobals)
    lisb                                     0x2000b040   Data          12  bsp_user.o(.bss..L_MergedGlobals)
    rx_len                                   0x2000b04c   Data           1  bsp_usart.o(.bss..L_MergedGlobals)
    recv_end_flag                            0x2000b04d   Data           1  bsp_usart.o(.bss..L_MergedGlobals)
    FR2_DATA                                 0x2000b04e   Data           2  bsp_ad9959.o(.bss..L_MergedGlobals.1)
    CPOW0_DATA                               0x2000b050   Data           2  bsp_ad9959.o(.bss..L_MergedGlobals.1)
    bsptim                                   0x2000b054   Data           4  bsp_tim.o(.bss.bsptim)
    hdac                                     0x2000b058   Data          20  dac.o(.bss.hdac)
    hdma_dac_ch1                             0x2000b06c   Data          68  dac.o(.bss.hdma_dac_ch1)
    hdma_dac_ch2                             0x2000b0b0   Data          68  dac.o(.bss.hdma_dac_ch2)
    hdma_usart2_rx                           0x2000b0f4   Data          68  usart.o(.bss.hdma_usart2_rx)
    htim2                                    0x2000b138   Data          72  tim.o(.bss.htim2)
    htim3                                    0x2000b180   Data          72  tim.o(.bss.htim3)
    htim4                                    0x2000b1c8   Data          72  tim.o(.bss.htim4)
    htim6                                    0x2000b210   Data          72  tim.o(.bss.htim6)
    htim7                                    0x2000b258   Data          72  tim.o(.bss.htim7)
    huart1                                   0x2000b2a0   Data          68  usart.o(.bss.huart1)
    huart2                                   0x2000b2e4   Data          68  usart.o(.bss.huart2)
    lisaru_counts                            0x2000b328   Data           2  bsp_dac.o(.bss.lisaru_counts)
    rx_buffer                                0x2000b32a   Data         200  bsp_usart.o(.bss.rx_buffer)
    uwTick                                   0x2000b3f4   Data           4  stm32f1xx_hal.o(.bss.uwTick)



==============================================================================

Memory Map of the image

  Image Entry point : 0x08000131

  Load Region LR_IROM1 (Base: 0x08000000, Size: 0x0000fdb8, Max: 0x00040000, ABSOLUTE, COMPRESSED[0x000074d0])

    Execution Region ER_IROM1 (Exec base: 0x08000000, Load base: 0x08000000, Size: 0x00004df0, Max: 0x00040000, ABSOLUTE)

    Exec Addr    Load Addr    Size         Type   Attr      Idx    E Section Name        Object

    0x08000000   0x08000000   0x00000130   Data   RO            3    RESET               startup_stm32f103xe.o
    0x08000130   0x08000130   0x00000008   Code   RO         1215  * !!!main             c_w.l(__main.o)
    0x08000138   0x08000138   0x00000034   Code   RO         1578    !!!scatter          c_w.l(__scatter.o)
    0x0800016c   0x0800016c   0x00000064   Code   RO         1576    !!dclz77c           c_w.l(__dclz77c.o)
    0x080001d0   0x080001d0   0x0000001c   Code   RO         1580    !!handler_zi        c_w.l(__scatter_zi.o)
    0x080001ec   0x080001ec   0x00000002   Code   RO         1425    .ARM.Collect$$libinit$$00000000  c_w.l(libinit.o)
    0x080001ee   0x080001ee   0x00000000   Code   RO         1443    .ARM.Collect$$libinit$$00000002  c_w.l(libinit2.o)
    0x080001ee   0x080001ee   0x00000000   Code   RO         1445    .ARM.Collect$$libinit$$00000004  c_w.l(libinit2.o)
    0x080001ee   0x080001ee   0x00000000   Code   RO         1447    .ARM.Collect$$libinit$$00000006  c_w.l(libinit2.o)
    0x080001ee   0x080001ee   0x00000000   Code   RO         1450    .ARM.Collect$$libinit$$0000000C  c_w.l(libinit2.o)
    0x080001ee   0x080001ee   0x00000000   Code   RO         1452    .ARM.Collect$$libinit$$0000000E  c_w.l(libinit2.o)
    0x080001ee   0x080001ee   0x00000000   Code   RO         1454    .ARM.Collect$$libinit$$00000010  c_w.l(libinit2.o)
    0x080001ee   0x080001ee   0x00000000   Code   RO         1457    .ARM.Collect$$libinit$$00000013  c_w.l(libinit2.o)
    0x080001ee   0x080001ee   0x00000000   Code   RO         1459    .ARM.Collect$$libinit$$00000015  c_w.l(libinit2.o)
    0x080001ee   0x080001ee   0x00000000   Code   RO         1461    .ARM.Collect$$libinit$$00000017  c_w.l(libinit2.o)
    0x080001ee   0x080001ee   0x00000000   Code   RO         1463    .ARM.Collect$$libinit$$00000019  c_w.l(libinit2.o)
    0x080001ee   0x080001ee   0x00000000   Code   RO         1465    .ARM.Collect$$libinit$$0000001B  c_w.l(libinit2.o)
    0x080001ee   0x080001ee   0x00000000   Code   RO         1467    .ARM.Collect$$libinit$$0000001D  c_w.l(libinit2.o)
    0x080001ee   0x080001ee   0x00000000   Code   RO         1469    .ARM.Collect$$libinit$$0000001F  c_w.l(libinit2.o)
    0x080001ee   0x080001ee   0x00000000   Code   RO         1471    .ARM.Collect$$libinit$$00000021  c_w.l(libinit2.o)
    0x080001ee   0x080001ee   0x00000000   Code   RO         1473    .ARM.Collect$$libinit$$00000023  c_w.l(libinit2.o)
    0x080001ee   0x080001ee   0x00000000   Code   RO         1475    .ARM.Collect$$libinit$$00000025  c_w.l(libinit2.o)
    0x080001ee   0x080001ee   0x00000000   Code   RO         1477    .ARM.Collect$$libinit$$00000027  c_w.l(libinit2.o)
    0x080001ee   0x080001ee   0x00000000   Code   RO         1481    .ARM.Collect$$libinit$$0000002E  c_w.l(libinit2.o)
    0x080001ee   0x080001ee   0x00000000   Code   RO         1483    .ARM.Collect$$libinit$$00000030  c_w.l(libinit2.o)
    0x080001ee   0x080001ee   0x00000000   Code   RO         1485    .ARM.Collect$$libinit$$00000032  c_w.l(libinit2.o)
    0x080001ee   0x080001ee   0x00000000   Code   RO         1487    .ARM.Collect$$libinit$$00000034  c_w.l(libinit2.o)
    0x080001ee   0x080001ee   0x00000002   Code   RO         1488    .ARM.Collect$$libinit$$00000035  c_w.l(libinit2.o)
    0x080001f0   0x080001f0   0x00000002   Code   RO         1512    .ARM.Collect$$libshutdown$$00000000  c_w.l(libshutdown.o)
    0x080001f2   0x080001f2   0x00000000   Code   RO         1527    .ARM.Collect$$libshutdown$$00000002  c_w.l(libshutdown2.o)
    0x080001f2   0x080001f2   0x00000000   Code   RO         1529    .ARM.Collect$$libshutdown$$00000004  c_w.l(libshutdown2.o)
    0x080001f2   0x080001f2   0x00000000   Code   RO         1532    .ARM.Collect$$libshutdown$$00000007  c_w.l(libshutdown2.o)
    0x080001f2   0x080001f2   0x00000000   Code   RO         1535    .ARM.Collect$$libshutdown$$0000000A  c_w.l(libshutdown2.o)
    0x080001f2   0x080001f2   0x00000000   Code   RO         1537    .ARM.Collect$$libshutdown$$0000000C  c_w.l(libshutdown2.o)
    0x080001f2   0x080001f2   0x00000000   Code   RO         1540    .ARM.Collect$$libshutdown$$0000000F  c_w.l(libshutdown2.o)
    0x080001f2   0x080001f2   0x00000002   Code   RO         1541    .ARM.Collect$$libshutdown$$00000010  c_w.l(libshutdown2.o)
    0x080001f4   0x080001f4   0x00000000   Code   RO         1237    .ARM.Collect$$rtentry$$00000000  c_w.l(__rtentry.o)
    0x080001f4   0x080001f4   0x00000000   Code   RO         1343    .ARM.Collect$$rtentry$$00000002  c_w.l(__rtentry2.o)
    0x080001f4   0x080001f4   0x00000006   Code   RO         1355    .ARM.Collect$$rtentry$$00000004  c_w.l(__rtentry4.o)
    0x080001fa   0x080001fa   0x00000000   Code   RO         1345    .ARM.Collect$$rtentry$$00000009  c_w.l(__rtentry2.o)
    0x080001fa   0x080001fa   0x00000004   Code   RO         1346    .ARM.Collect$$rtentry$$0000000A  c_w.l(__rtentry2.o)
    0x080001fe   0x080001fe   0x00000000   Code   RO         1348    .ARM.Collect$$rtentry$$0000000C  c_w.l(__rtentry2.o)
    0x080001fe   0x080001fe   0x00000008   Code   RO         1349    .ARM.Collect$$rtentry$$0000000D  c_w.l(__rtentry2.o)
    0x08000206   0x08000206   0x00000002   Code   RO         1433    .ARM.Collect$$rtexit$$00000000  c_w.l(rtexit.o)
    0x08000208   0x08000208   0x00000000   Code   RO         1490    .ARM.Collect$$rtexit$$00000002  c_w.l(rtexit2.o)
    0x08000208   0x08000208   0x00000004   Code   RO         1491    .ARM.Collect$$rtexit$$00000003  c_w.l(rtexit2.o)
    0x0800020c   0x0800020c   0x00000006   Code   RO         1492    .ARM.Collect$$rtexit$$00000004  c_w.l(rtexit2.o)
    0x08000212   0x08000212   0x00000002   PAD
    0x08000214   0x08000214   0x00000040   Code   RO            4    .text               startup_stm32f103xe.o
    0x08000254   0x08000254   0x00000006   Code   RO         1213    .text               c_w.l(heapauxi.o)
    0x0800025a   0x0800025a   0x0000004a   Code   RO         1377    .text               c_w.l(sys_stackheap_outer.o)
    0x080002a4   0x080002a4   0x00000012   Code   RO         1418    .text               c_w.l(exit.o)
    0x080002b6   0x080002b6   0x00000002   PAD
    0x080002b8   0x080002b8   0x00000008   Code   RO         1430    .text               c_w.l(libspace.o)
    0x080002c0   0x080002c0   0x0000000c   Code   RO         1502    .text               c_w.l(sys_exit.o)
    0x080002cc   0x080002cc   0x00000002   Code   RO         1517    .text               c_w.l(use_no_semi.o)
    0x080002ce   0x080002ce   0x00000000   Code   RO         1519    .text               c_w.l(indicate_semi.o)
    0x080002ce   0x080002ce   0x00000002   PAD
    0x080002d0   0x080002d0   0x00000276   Code   RO         1111    .text.AD9833_MULT_AmpSet1  bsp_ad9833.o
    0x08000546   0x08000546   0x00000002   PAD
    0x08000548   0x08000548   0x00000212   Code   RO         1113    .text.AD9833_MULT_AmpSet2  bsp_ad9833.o
    0x0800075a   0x0800075a   0x00000002   PAD
    0x0800075c   0x0800075c   0x00000092   Code   RO         1115    .text.AD9833_MULT_WaveSeting1  bsp_ad9833.o
    0x080007ee   0x080007ee   0x00000002   PAD
    0x080007f0   0x080007f0   0x00000092   Code   RO         1117    .text.AD9833_MULT_WaveSeting2  bsp_ad9833.o
    0x08000882   0x08000882   0x00000002   PAD
    0x08000884   0x08000884   0x000002a0   Code   RO         1107    .text.AD9833_MULT_Write1  bsp_ad9833.o
    0x08000b24   0x08000b24   0x00000238   Code   RO         1109    .text.AD9833_MULT_Write2  bsp_ad9833.o
    0x08000d5c   0x08000d5c   0x000000c8   Code   RO         1150    .text.AD9959_Drv_Init  bsp_ad9959.o
    0x08000e24   0x08000e24   0x00000266   Code   RO         1168    .text.AD9959_Init   bsp_ad9959.o
    0x0800108a   0x0800108a   0x00000002   PAD
    0x0800108c   0x0800108c   0x00000002   Code   RO          112    .text.BusFault_Handler  stm32f1xx_it.o
    0x0800108e   0x0800108e   0x00000002   PAD
    0x08001090   0x08001090   0x0000000c   Code   RO          124    .text.DMA1_Channel6_IRQHandler  stm32f1xx_it.o
    0x0800109c   0x0800109c   0x00000002   Code   RO          118    .text.DebugMon_Handler  stm32f1xx_it.o
    0x0800109e   0x0800109e   0x00000002   PAD
    0x080010a0   0x080010a0   0x0000000a   Code   RO           15    .text.Error_Handler  main.o
    0x080010aa   0x080010aa   0x00000002   PAD
    0x080010ac   0x080010ac   0x0000004c   Code   RO          202    .text.HAL_DAC_ConfigChannel  stm32f1xx_hal_dac.o
    0x080010f8   0x080010f8   0x00000028   Code   RO          166    .text.HAL_DAC_Init  stm32f1xx_hal_dac.o
    0x08001120   0x08001120   0x000000e0   Code   RO           36    .text.HAL_DAC_MspInit  dac.o
    0x08001200   0x08001200   0x00000026   Code   RO          190    .text.HAL_DAC_SetValue  stm32f1xx_hal_dac.o
    0x08001226   0x08001226   0x00000002   PAD
    0x08001228   0x08001228   0x00000058   Code   RO          174    .text.HAL_DAC_Start  stm32f1xx_hal_dac.o
    0x08001280   0x08001280   0x00000020   Code   RO          176    .text.HAL_DAC_Stop  stm32f1xx_hal_dac.o
    0x080012a0   0x080012a0   0x00000046   Code   RO          394    .text.HAL_DMA_Abort  stm32f1xx_hal_dma.o
    0x080012e6   0x080012e6   0x00000002   PAD
    0x080012e8   0x080012e8   0x00000126   Code   RO          396    .text.HAL_DMA_Abort_IT  stm32f1xx_hal_dma.o
    0x0800140e   0x0800140e   0x00000002   PAD
    0x08001410   0x08001410   0x00000296   Code   RO          400    .text.HAL_DMA_IRQHandler  stm32f1xx_hal_dma.o
    0x080016a6   0x080016a6   0x00000002   PAD
    0x080016a8   0x080016a8   0x0000008e   Code   RO          386    .text.HAL_DMA_Init  stm32f1xx_hal_dma.o
    0x08001736   0x08001736   0x00000002   PAD
    0x08001738   0x08001738   0x0000009c   Code   RO          392    .text.HAL_DMA_Start_IT  stm32f1xx_hal_dma.o
    0x080017d4   0x080017d4   0x00000202   Code   RO          362    .text.HAL_GPIO_Init  stm32f1xx_hal_gpio.o
    0x080019d6   0x080019d6   0x00000002   PAD
    0x080019d8   0x080019d8   0x0000000a   Code   RO          368    .text.HAL_GPIO_WritePin  stm32f1xx_hal_gpio.o
    0x080019e2   0x080019e2   0x00000002   PAD
    0x080019e4   0x080019e4   0x0000000c   Code   RO          262    .text.HAL_GetTick   stm32f1xx_hal.o
    0x080019f0   0x080019f0   0x0000001a   Code   RO          260    .text.HAL_IncTick   stm32f1xx_hal.o
    0x08001a0a   0x08001a0a   0x00000002   PAD
    0x08001a0c   0x08001a0c   0x00000026   Code   RO          250    .text.HAL_Init      stm32f1xx_hal.o
    0x08001a32   0x08001a32   0x00000002   PAD
    0x08001a34   0x08001a34   0x00000048   Code   RO          252    .text.HAL_InitTick  stm32f1xx_hal.o
    0x08001a7c   0x08001a7c   0x00000042   Code   RO          143    .text.HAL_MspInit   stm32f1xx_hal_msp.o
    0x08001abe   0x08001abe   0x00000002   PAD
    0x08001ac0   0x08001ac0   0x00000020   Code   RO          422    .text.HAL_NVIC_EnableIRQ  stm32f1xx_hal_cortex.o
    0x08001ae0   0x08001ae0   0x00000056   Code   RO          420    .text.HAL_NVIC_SetPriority  stm32f1xx_hal_cortex.o
    0x08001b36   0x08001b36   0x00000002   PAD
    0x08001b38   0x08001b38   0x00000020   Code   RO          418    .text.HAL_NVIC_SetPriorityGrouping  stm32f1xx_hal_cortex.o
    0x08001b58   0x08001b58   0x000001be   Code   RO          314    .text.HAL_RCC_ClockConfig  stm32f1xx_hal_rcc.o
    0x08001d16   0x08001d16   0x00000002   PAD
    0x08001d18   0x08001d18   0x00000026   Code   RO          326    .text.HAL_RCC_GetPCLK1Freq  stm32f1xx_hal_rcc.o
    0x08001d3e   0x08001d3e   0x00000002   PAD
    0x08001d40   0x08001d40   0x00000026   Code   RO          328    .text.HAL_RCC_GetPCLK2Freq  stm32f1xx_hal_rcc.o
    0x08001d66   0x08001d66   0x00000002   PAD
    0x08001d68   0x08001d68   0x000003b4   Code   RO          312    .text.HAL_RCC_OscConfig  stm32f1xx_hal_rcc.o
    0x0800211c   0x0800211c   0x0000002c   Code   RO          430    .text.HAL_SYSTICK_Config  stm32f1xx_hal_cortex.o
    0x08002148   0x08002148   0x00000002   Code   RO          887    .text.HAL_TIMEx_BreakCallback  stm32f1xx_hal_tim_ex.o
    0x0800214a   0x0800214a   0x00000002   PAD
    0x0800214c   0x0800214c   0x00000002   Code   RO          883    .text.HAL_TIMEx_CommutCallback  stm32f1xx_hal_tim_ex.o
    0x0800214e   0x0800214e   0x00000002   PAD
    0x08002150   0x08002150   0x00000092   Code   RO          877    .text.HAL_TIMEx_MasterConfigSynchronization  stm32f1xx_hal_tim_ex.o
    0x080021e2   0x080021e2   0x00000002   PAD
    0x080021e4   0x080021e4   0x00000126   Code   RO          583    .text.HAL_TIM_Base_Init  stm32f1xx_hal_tim.o
    0x0800230a   0x0800230a   0x00000002   PAD
    0x0800230c   0x0800230c   0x00000130   Code   RO           70    .text.HAL_TIM_Base_MspInit  tim.o
    0x0800243c   0x0800243c   0x0000007e   Code   RO          593    .text.HAL_TIM_Base_Start  stm32f1xx_hal_tim.o
    0x080024ba   0x080024ba   0x00000002   PAD
    0x080024bc   0x080024bc   0x00000086   Code   RO          597    .text.HAL_TIM_Base_Start_IT  stm32f1xx_hal_tim.o
    0x08002542   0x08002542   0x00000002   PAD
    0x08002544   0x08002544   0x0000003c   Code   RO          599    .text.HAL_TIM_Base_Stop_IT  stm32f1xx_hal_tim.o
    0x08002580   0x08002580   0x00000192   Code   RO          763    .text.HAL_TIM_ConfigClockSource  stm32f1xx_hal_tim.o
    0x08002712   0x08002712   0x00000002   PAD
    0x08002714   0x08002714   0x00000002   Code   RO          719    .text.HAL_TIM_IC_CaptureCallback  stm32f1xx_hal_tim.o
    0x08002716   0x08002716   0x00000002   PAD
    0x08002718   0x08002718   0x00000170   Code   RO          717    .text.HAL_TIM_IRQHandler  stm32f1xx_hal_tim.o
    0x08002888   0x08002888   0x00000002   Code   RO          721    .text.HAL_TIM_OC_DelayElapsedCallback  stm32f1xx_hal_tim.o
    0x0800288a   0x0800288a   0x00000002   PAD
    0x0800288c   0x0800288c   0x00000002   Code   RO          723    .text.HAL_TIM_PWM_PulseFinishedCallback  stm32f1xx_hal_tim.o
    0x0800288e   0x0800288e   0x00000002   PAD
    0x08002890   0x08002890   0x00000172   Code   RO         1050    .text.HAL_TIM_PeriodElapsedCallback  bsp_user.o
    0x08002a02   0x08002a02   0x00000002   PAD
    0x08002a04   0x08002a04   0x00000058   Code   RO          767    .text.HAL_TIM_SlaveConfigSynchro  stm32f1xx_hal_tim.o
    0x08002a5c   0x08002a5c   0x00000002   Code   RO          727    .text.HAL_TIM_TriggerCallback  stm32f1xx_hal_tim.o
    0x08002a5e   0x08002a5e   0x00000002   PAD
    0x08002a60   0x08002a60   0x00000002   Code   RO          983    .text.HAL_UARTEx_RxEventCallback  stm32f1xx_hal_uart.o
    0x08002a62   0x08002a62   0x00000002   PAD
    0x08002a64   0x08002a64   0x00000084   Code   RO          941    .text.HAL_UART_DMAStop  stm32f1xx_hal_uart.o
    0x08002ae8   0x08002ae8   0x00000002   Code   RO          981    .text.HAL_UART_ErrorCallback  stm32f1xx_hal_uart.o
    0x08002aea   0x08002aea   0x00000002   PAD
    0x08002aec   0x08002aec   0x0000026c   Code   RO          975    .text.HAL_UART_IRQHandler  stm32f1xx_hal_uart.o
    0x08002d58   0x08002d58   0x000000dc   Code   RO          901    .text.HAL_UART_Init  stm32f1xx_hal_uart.o
    0x08002e34   0x08002e34   0x00000132   Code   RO           91    .text.HAL_UART_MspInit  usart.o
    0x08002f66   0x08002f66   0x00000002   PAD
    0x08002f68   0x08002f68   0x000000a4   Code   RO          933    .text.HAL_UART_Receive_DMA  stm32f1xx_hal_uart.o
    0x0800300c   0x0800300c   0x00000056   Code   RO          921    .text.HAL_UART_Receive_IT  stm32f1xx_hal_uart.o
    0x08003062   0x08003062   0x00000002   PAD
    0x08003064   0x08003064   0x00000002   Code   RO          989    .text.HAL_UART_RxCpltCallback  stm32f1xx_hal_uart.o
    0x08003066   0x08003066   0x00000002   PAD
    0x08003068   0x08003068   0x00000002   Code   RO          991    .text.HAL_UART_RxHalfCpltCallback  stm32f1xx_hal_uart.o
    0x0800306a   0x0800306a   0x00000002   PAD
    0x0800306c   0x0800306c   0x00000002   Code   RO          985    .text.HAL_UART_TxCpltCallback  stm32f1xx_hal_uart.o
    0x0800306e   0x0800306e   0x00000002   PAD
    0x08003070   0x08003070   0x00000002   Code   RO          108    .text.HardFault_Handler  stm32f1xx_it.o
    0x08003072   0x08003072   0x00000002   PAD
    0x08003074   0x08003074   0x0000002c   Code   RO         1156    .text.IntReset      bsp_ad9959.o
    0x080030a0   0x080030a0   0x00000098   Code   RO         1154    .text.Intserve      bsp_ad9959.o
    0x08003138   0x08003138   0x00000062   Code   RO           34    .text.MX_DAC_Init   dac.o
    0x0800319a   0x0800319a   0x00000002   PAD
    0x0800319c   0x0800319c   0x00000046   Code   RO           51    .text.MX_DMA_Init   dma.o
    0x080031e2   0x080031e2   0x00000002   PAD
    0x080031e4   0x080031e4   0x000000f8   Code   RO           25    .text.MX_GPIO_Init  gpio.o
    0x080032dc   0x080032dc   0x00000076   Code   RO           60    .text.MX_TIM2_Init  tim.o
    0x08003352   0x08003352   0x00000002   PAD
    0x08003354   0x08003354   0x00000074   Code   RO           62    .text.MX_TIM3_Init  tim.o
    0x080033c8   0x080033c8   0x00000076   Code   RO           64    .text.MX_TIM4_Init  tim.o
    0x0800343e   0x0800343e   0x00000002   PAD
    0x08003440   0x08003440   0x00000054   Code   RO           66    .text.MX_TIM6_Init  tim.o
    0x08003494   0x08003494   0x00000054   Code   RO           68    .text.MX_TIM7_Init  tim.o
    0x080034e8   0x080034e8   0x0000003c   Code   RO           87    .text.MX_USART1_UART_Init  usart.o
    0x08003524   0x08003524   0x00000056   Code   RO           89    .text.MX_USART2_UART_Init  usart.o
    0x0800357a   0x0800357a   0x00000002   PAD
    0x0800357c   0x0800357c   0x00000002   Code   RO          110    .text.MemManage_Handler  stm32f1xx_it.o
    0x0800357e   0x0800357e   0x00000002   PAD
    0x08003580   0x08003580   0x00000002   Code   RO          106    .text.NMI_Handler   stm32f1xx_it.o
    0x08003582   0x08003582   0x00000002   PAD
    0x08003584   0x08003584   0x00000002   Code   RO          120    .text.PendSV_Handler  stm32f1xx_it.o
    0x08003586   0x08003586   0x00000002   PAD
    0x08003588   0x08003588   0x00000002   Code   RO          116    .text.SVC_Handler   stm32f1xx_it.o
    0x0800358a   0x0800358a   0x00000002   PAD
    0x0800358c   0x0800358c   0x00000004   Code   RO          122    .text.SysTick_Handler  stm32f1xx_it.o
    0x08003590   0x08003590   0x00000002   Code   RO         1019    .text.SystemInit    system_stm32f1xx.o
    0x08003592   0x08003592   0x00000002   PAD
    0x08003594   0x08003594   0x0000000c   Code   RO          126    .text.TIM3_IRQHandler  stm32f1xx_it.o
    0x080035a0   0x080035a0   0x0000000c   Code   RO          128    .text.TIM4_IRQHandler  stm32f1xx_it.o
    0x080035ac   0x080035ac   0x0000000c   Code   RO          132    .text.TIM6_IRQHandler  stm32f1xx_it.o
    0x080035b8   0x080035b8   0x0000000c   Code   RO          134    .text.TIM7_IRQHandler  stm32f1xx_it.o
    0x080035c4   0x080035c4   0x000000cc   Code   RO          769    .text.TIM_SlaveTimer_SetConfig  stm32f1xx_hal_tim.o
    0x08003690   0x08003690   0x0000000c   Code   RO          979    .text.UART_DMAAbortOnError  stm32f1xx_hal_uart.o
    0x0800369c   0x0800369c   0x0000006c   Code   RO          931    .text.UART_DMAError  stm32f1xx_hal_uart.o
    0x08003708   0x08003708   0x0000004c   Code   RO         1007    .text.UART_DMAReceiveCplt  stm32f1xx_hal_uart.o
    0x08003754   0x08003754   0x00000014   Code   RO         1009    .text.UART_DMARxHalfCplt  stm32f1xx_hal_uart.o
    0x08003768   0x08003768   0x000000b6   Code   RO          977    .text.UART_Receive_IT  stm32f1xx_hal_uart.o
    0x0800381e   0x0800381e   0x00000002   PAD
    0x08003820   0x08003820   0x00000016   Code   RO          130    .text.USART2_IRQHandler  stm32f1xx_it.o
    0x08003836   0x08003836   0x00000002   PAD
    0x08003838   0x08003838   0x00000002   Code   RO          114    .text.UsageFault_Handler  stm32f1xx_it.o
    0x0800383a   0x0800383a   0x00000002   PAD
    0x0800383c   0x0800383c   0x000002d6   Code   RO         1160    .text.WriteData_AD9959  bsp_ad9959.o
    0x08003b12   0x08003b12   0x00000002   PAD
    0x08003b14   0x08003b14   0x0000003a   Code   RO         1166    .text.Write_Phase   bsp_ad9959.o
    0x08003b4e   0x08003b4e   0x00000002   PAD
    0x08003b50   0x08003b50   0x00000052   Code   RO         1162    .text.Write_frequence  bsp_ad9959.o
    0x08003ba2   0x08003ba2   0x00000002   PAD
    0x08003ba4   0x08003ba4   0x00000086   Code   RO         1042    .text.bsp_Init      bsp_user.o
    0x08003c2a   0x08003c2a   0x00000002   PAD
    0x08003c2c   0x08003c2c   0x00000240   Code   RO         1056    .text.bsp_drawthewave  bsp_user.o
    0x08003e6c   0x08003e6c   0x0000027e   Code   RO         1058    .text.bsp_imag_select  bsp_user.o
    0x080040ea   0x080040ea   0x00000002   PAD
    0x080040ec   0x080040ec   0x0000036a   Code   RO         1052    .text.bsp_usartVar_Callback  bsp_user.o
    0x08004456   0x08004456   0x00000002   PAD
    0x08004458   0x08004458   0x0000007c   Code   RO         1083    .text.bsp_usartVar_Conduct  bsp_usart.o
    0x080044d4   0x080044d4   0x00000058   Code   RO         1081    .text.bsp_usartVar_ExtraIRQHandler  bsp_usart.o
    0x0800452c   0x0800452c   0x00000092   Code   RO           11    .text.main          main.o
    0x080045be   0x080045be   0x00000002   PAD
    0x080045c0   0x080045c0   0x000002b4   Code   RO         1218    x$fpl$ddiv          fz_ws.l(ddiv.o)
    0x08004874   0x08004874   0x0000005e   Code   RO         1221    x$fpl$dfix          fz_ws.l(dfix.o)
    0x080048d2   0x080048d2   0x00000002   PAD
    0x080048d4   0x080048d4   0x0000005a   Code   RO         1225    x$fpl$dfixu         fz_ws.l(dfixu.o)
    0x0800492e   0x0800492e   0x00000026   Code   RO         1229    x$fpl$dfltu         fz_ws.l(dflt_clz.o)
    0x08004954   0x08004954   0x00000154   Code   RO         1235    x$fpl$dmul          fz_ws.l(dmul.o)
    0x08004aa8   0x08004aa8   0x0000009c   Code   RO         1329    x$fpl$dnaninf       fz_ws.l(dnaninf.o)
    0x08004b44   0x08004b44   0x0000000c   Code   RO         1331    x$fpl$dretinf       fz_ws.l(dretinf.o)
    0x08004b50   0x08004b50   0x00000000   Code   RO         1341    x$fpl$usenofp       fz_ws.l(usenofp.o)
    0x08004b50   0x08004b50   0x00000002   Data   RO          339    .rodata..L__const.HAL_RCC_GetSysClockFreq.aPredivFactorTable  stm32f1xx_hal_rcc.o
    0x08004b52   0x08004b52   0x00000002   PAD
    0x08004b54   0x08004b54   0x0000000c   Data   RO         1119    .rodata..Lswitch.table.AD9833_MULT_WaveSeting2  bsp_ad9833.o
    0x08004b60   0x08004b60   0x00000010   Data   RO         1199    .rodata..Lswitch.table.Write_Phase  bsp_ad9959.o
    0x08004b70   0x08004b70   0x00000038   Data   RO         1071    .rodata..Lswitch.table.bsp_lisaru_numalp  bsp_user.o
    0x08004ba8   0x08004ba8   0x00000010   Data   RO         1024    .rodata.AHBPrescTable  system_stm32f1xx.o
    0x08004bb8   0x08004bb8   0x00000008   Data   RO         1025    .rodata.APBPrescTable  system_stm32f1xx.o
    0x08004bc0   0x08004bc0   0x00000200   Data   RO         1066    .rodata.Sine256bit_0  bsp_user.o
    0x08004dc0   0x08004dc0   0x00000010   Data   RO          338    .rodata.cst16       stm32f1xx_hal_rcc.o
    0x08004dd0   0x08004dd0   0x00000020   Data   RO         1575    Region$$Table       anon$$obj.o


    Execution Region RW_IRAM1 (Exec base: 0x20000000, Load base: 0x08004df0, Size: 0x0000b9f8, Max: 0x0000c000, ABSOLUTE, COMPRESSED[0x000026e0])

    Exec Addr    Load Addr    Size         Type   Attr      Idx    E Section Name        Object

    0x20000000   COMPRESSED   0x00000008   Data   RW          301    .data..L_MergedGlobals  stm32f1xx_hal.o
    0x20000008   COMPRESSED   0x00000040   Data   RW         1200    .data..L_MergedGlobals  bsp_ad9959.o
    0x20000048   COMPRESSED   0x00000004   Data   RW         1023    .data.SystemCoreClock  system_stm32f1xx.o
    0x2000004c   COMPRESSED   0x00000001   Data   RW         1062    .data.image         bsp_user.o
    0x2000004d   COMPRESSED   0x00000003   PAD
    0x20000050   COMPRESSED   0x00000010   Data   RW         1143    .data.lisaru_Alp    bsp_dac.o
    0x20000060   COMPRESSED   0x00000028   Data   RW         1138    .data.lisaru_Num    bsp_dac.o
    0x20000088   COMPRESSED   0x00000c84   Data   RW         1139    .data.lisaru_img_alp_A  bsp_dac.o
    0x20000d0c   COMPRESSED   0x00000c84   Data   RW         1140    .data.lisaru_img_alp_B  bsp_dac.o
    0x20001990   COMPRESSED   0x00000c84   Data   RW         1141    .data.lisaru_img_alp_C  bsp_dac.o
    0x20002614   COMPRESSED   0x00000c84   Data   RW         1142    .data.lisaru_img_alp_D  bsp_dac.o
    0x20003298   COMPRESSED   0x00000c84   Data   RW         1128    .data.lisaru_img_num_0  bsp_dac.o
    0x20003f1c   COMPRESSED   0x00000c84   Data   RW         1129    .data.lisaru_img_num_1  bsp_dac.o
    0x20004ba0   COMPRESSED   0x00000c84   Data   RW         1130    .data.lisaru_img_num_2  bsp_dac.o
    0x20005824   COMPRESSED   0x00000c84   Data   RW         1131    .data.lisaru_img_num_3  bsp_dac.o
    0x200064a8   COMPRESSED   0x00000c84   Data   RW         1132    .data.lisaru_img_num_4  bsp_dac.o
    0x2000712c   COMPRESSED   0x00000c84   Data   RW         1133    .data.lisaru_img_num_5  bsp_dac.o
    0x20007db0   COMPRESSED   0x00000c84   Data   RW         1134    .data.lisaru_img_num_6  bsp_dac.o
    0x20008a34   COMPRESSED   0x00000c84   Data   RW         1135    .data.lisaru_img_num_7  bsp_dac.o
    0x200096b8   COMPRESSED   0x00000c84   Data   RW         1136    .data.lisaru_img_num_8  bsp_dac.o
    0x2000a33c   COMPRESSED   0x00000c84   Data   RW         1137    .data.lisaru_img_num_9  bsp_dac.o
    0x2000afc0   COMPRESSED   0x00000003   Data   RW         1064    .data.xFR1_DATA     bsp_user.o
    0x2000afc3   COMPRESSED   0x00000005   PAD
    0x2000afc8        -       0x00000060   Zero   RW         1431    .bss                c_w.l(libspace.o)
    0x2000b028        -       0x00000024   Zero   RW         1072    .bss..L_MergedGlobals  bsp_user.o
    0x2000b04c        -       0x00000002   Zero   RW         1092    .bss..L_MergedGlobals  bsp_usart.o
    0x2000b04e        -       0x00000004   Zero   RW         1201    .bss..L_MergedGlobals.1  bsp_ad9959.o
    0x2000b052   COMPRESSED   0x00000002   PAD
    0x2000b054        -       0x00000004   Zero   RW         1101    .bss.bsptim         bsp_tim.o
    0x2000b058        -       0x00000014   Zero   RW           40    .bss.hdac           dac.o
    0x2000b06c        -       0x00000044   Zero   RW           41    .bss.hdma_dac_ch1   dac.o
    0x2000b0b0        -       0x00000044   Zero   RW           42    .bss.hdma_dac_ch2   dac.o
    0x2000b0f4        -       0x00000044   Zero   RW           97    .bss.hdma_usart2_rx  usart.o
    0x2000b138        -       0x00000048   Zero   RW           74    .bss.htim2          tim.o
    0x2000b180        -       0x00000048   Zero   RW           75    .bss.htim3          tim.o
    0x2000b1c8        -       0x00000048   Zero   RW           76    .bss.htim4          tim.o
    0x2000b210        -       0x00000048   Zero   RW           77    .bss.htim6          tim.o
    0x2000b258        -       0x00000048   Zero   RW           78    .bss.htim7          tim.o
    0x2000b2a0        -       0x00000044   Zero   RW           95    .bss.huart1         usart.o
    0x2000b2e4        -       0x00000044   Zero   RW           96    .bss.huart2         usart.o
    0x2000b328        -       0x00000002   Zero   RW         1144    .bss.lisaru_counts  bsp_dac.o
    0x2000b32a        -       0x000000c8   Zero   RW         1091    .bss.rx_buffer      bsp_usart.o
    0x2000b3f2   COMPRESSED   0x00000002   PAD
    0x2000b3f4        -       0x00000004   Zero   RW          300    .bss.uwTick         stm32f1xx_hal.o
    0x2000b3f8        -       0x00000200   Zero   RW            2    HEAP                startup_stm32f103xe.o
    0x2000b5f8        -       0x00000400   Zero   RW            1    STACK               startup_stm32f103xe.o


==============================================================================

Image component sizes


      Code (inc. data)   RO Data    RW Data    ZI Data      Debug   Object Name

      2692          0         12          0          0       6378   bsp_ad9833.o
      1876          0         16         64          4       7685   bsp_ad9959.o
         0          0          0      44912          2       1360   bsp_dac.o
         0          0          0          0          4        540   bsp_tim.o
       212          0          0          0        202       3228   bsp_usart.o
      2592        130        568          4         36       9361   bsp_user.o
       322          0          0          0        156       4020   dac.o
        70          0          0          0          0       2572   dma.o
       248          0          0          0          0       1642   gpio.o
       156          0          0          0          0       1940   main.o
        64         26        304          0       1536        828   startup_stm32f103xe.o
       148          0          0          8          4       6109   stm32f1xx_hal.o
       194          0          0          0          0       8835   stm32f1xx_hal_cortex.o
       274          0          0          0          0       7326   stm32f1xx_hal_dac.o
      1324          0          0          0          0       8530   stm32f1xx_hal_dma.o
       524         22          0          0          0       4589   stm32f1xx_hal_gpio.o
        66          0          0          0          0       1233   stm32f1xx_hal_msp.o
      1470          0         18          0          0       7679   stm32f1xx_hal_rcc.o
      1684          4          0          0          0      54528   stm32f1xx_hal_tim.o
       150          0          0          0          0      20611   stm32f1xx_hal_tim_ex.o
      1630          0          0          0          0      23618   stm32f1xx_hal_uart.o
       102          0          0          0          0       6012   stm32f1xx_it.o
         2          0         24          4          0       1659   system_stm32f1xx.o
       824          6          0          0        360       8014   tim.o
       452          0          0          0        204       6291   usart.o

    ----------------------------------------------------------------------
     17200        188        976      44996       2516     204588   Object Totals
         0          0         32          0          0          0   (incl. Generated)
       124          0          2          4          8          0   (incl. Padding)

    ----------------------------------------------------------------------

      Code (inc. data)   RO Data    RW Data    ZI Data      Debug   Library Member Name

       100          0          0          0          0          0   __dclz77c.o
         8          0          0          0          0         68   __main.o
         0          0          0          0          0          0   __rtentry.o
        12          0          0          0          0          0   __rtentry2.o
         6          0          0          0          0          0   __rtentry4.o
        52          8          0          0          0          0   __scatter.o
        28          0          0          0          0          0   __scatter_zi.o
        18          0          0          0          0         80   exit.o
         6          0          0          0          0        152   heapauxi.o
         0          0          0          0          0          0   indicate_semi.o
         2          0          0          0          0          0   libinit.o
         2          0          0          0          0          0   libinit2.o
         2          0          0          0          0          0   libshutdown.o
         2          0          0          0          0          0   libshutdown2.o
         8          4          0          0         96         68   libspace.o
         2          0          0          0          0          0   rtexit.o
        10          0          0          0          0          0   rtexit2.o
        12          4          0          0          0         68   sys_exit.o
        74          0          0          0          0         80   sys_stackheap_outer.o
         2          0          0          0          0         68   use_no_semi.o
       692        140          0          0          0        216   ddiv.o
        94          4          0          0          0         92   dfix.o
        90          4          0          0          0         92   dfixu.o
        38          0          0          0          0         68   dflt_clz.o
       340         12          0          0          0        104   dmul.o
       156          4          0          0          0         92   dnaninf.o
        12          0          0          0          0         68   dretinf.o
         0          0          0          0          0          0   usenofp.o

    ----------------------------------------------------------------------
      1776        180          0          0         96       1316   Library Totals
         8          0          0          0          0          0   (incl. Padding)

    ----------------------------------------------------------------------

      Code (inc. data)   RO Data    RW Data    ZI Data      Debug   Library Name

       346         16          0          0         96        584   c_w.l
      1422        164          0          0          0        732   fz_ws.l

    ----------------------------------------------------------------------
      1776        180          0          0         96       1316   Library Totals

    ----------------------------------------------------------------------

==============================================================================


      Code (inc. data)   RO Data    RW Data    ZI Data      Debug   

     18976        368        976      44996       2612     205012   Grand Totals
     18976        368        976       9952       2612     205012   ELF Image Totals (compressed)
     18976        368        976       9952          0          0   ROM Totals

==============================================================================

    Total RO  Size (Code + RO Data)                19952 (  19.48kB)
    Total RW  Size (RW Data + ZI Data)             47608 (  46.49kB)
    Total ROM Size (Code + RO Data + RW Data)      29904 (  29.20kB)

==============================================================================

